 newton_d

 Timestamp is 515eeba1 (Fri Apr 05 18:20:01 2013)

 Preferred load address is 10000000

 Start         Length     Name                   Class
 0001:00000000 0012d460H .text                   CODE
 0001:0012d460 0000160eH .text$yc                CODE
 0001:0012ea70 00001012H .text$yd                CODE
 0002:00000000 00000104H .CRT$XCA                DATA
 0002:00000104 00000164H .CRT$XCU                DATA
 0002:00000268 00000104H .CRT$XCZ                DATA
 0002:0000036c 00000104H .CRT$XIA                DATA
 0002:00000470 00000104H .CRT$XIAA               DATA
 0002:00000574 00000104H .CRT$XIC                DATA
 0002:00000678 00000104H .CRT$XIZ                DATA
 0002:00000780 0002e674H .rdata                  DATA
 0002:0002edf4 000001d2H .rdata$debug            DATA
 0002:0002efd0 00000109H .rdata$sxdata           DATA
 0002:0002f0dc 00000104H .rtc$IAA                DATA
 0002:0002f1e0 00000104H .rtc$IZZ                DATA
 0002:0002f2e4 00000104H .rtc$TAA                DATA
 0002:0002f3e8 00000104H .rtc$TZZ                DATA
 0002:0002f4f0 0000019eH .xdata$x                DATA
 0002:0002f690 00003f9dH .edata                  DATA
 0003:00000000 00000970H .data                   DATA
 0003:00000970 000029a0H .bss                    DATA
 0004:00000000 00000028H .idata$2                DATA
 0004:00000028 00000014H .idata$3                DATA
 0004:0000003c 000001bcH .idata$4                DATA
 0004:000001f8 000001bcH .idata$5                DATA
 0004:000003b4 0000065fH .idata$6                DATA

  Address         Publics by Value              Rva+Base       Lib:Object

 0000:00000000       __except_list              00000000     <absolute>
 0000:00000002       ___safe_se_handler_count   00000002     <absolute>
 0000:00009876       __fltused                  00009876     <absolute>
 0000:00009876       __ldused                   00009876     <absolute>
 0000:00000000       ___ImageBase               10000000     <linker-defined>
 0001:000019a0       ?TraceFuntionName@@YAXPBD@Z 100029a0 f   Newton.obj
 0001:000019c0       _DllMain@12                100029c0 f   Newton.obj
 0001:000019d0       _NewtonGetMemoryUsed       100029d0 f   Newton.obj
 0001:000019e0       _NewtonSetMemorySystem     100029e0 f   Newton.obj
 0001:00001a30       _NewtonCreate              10002a30 f   Newton.obj
 0001:00001b00       _NewtonDestroy             10002b00 f   Newton.obj
 0001:00001b70       _NewtonInvalidateCache     10002b70 f   Newton.obj
 0001:00001b90       _NewtonSetPlatformArchitecture 10002b90 f   Newton.obj
 0001:00001bb0       _NewtonGetPlatformArchitecture 10002bb0 f   Newton.obj
 0001:00001bd0       _NewtonWorldCriticalSectionLock 10002bd0 f   Newton.obj
 0001:00001bf0       _NewtonWorldCriticalSectionUnlock 10002bf0 f   Newton.obj
 0001:00001c10       _NewtonSetThreadsCount     10002c10 f   Newton.obj
 0001:00001c30       _NewtonGetThreadsCount     10002c30 f   Newton.obj
 0001:00001c50       _NewtonGetMaxThreadsCount  10002c50 f   Newton.obj
 0001:00001c70       _NewtonSetMultiThreadSolverOnSingleIsland 10002c70 f   Newton.obj
 0001:00001c90       _NewtonGetMultiThreadSolverOnSingleIsland 10002c90 f   Newton.obj
 0001:00001cb0       _NewtonSetSolverModel      10002cb0 f   Newton.obj
 0001:00001cd0       _NewtonSetFrictionModel    10002cd0 f   Newton.obj
 0001:00001cf0       _NewtonSetPerformanceClock 10002cf0 f   Newton.obj
 0001:00001d10       _NewtonReadPerformanceTicks 10002d10 f   Newton.obj
 0001:00001d30       _NewtonReadThreadPerformanceTicks 10002d30 f   Newton.obj
 0001:00001d50       _NewtonUpdate              10002d50 f   Newton.obj
 0001:00001df0       _NewtonCollisionUpdate     10002df0 f   Newton.obj
 0001:00001e10       _NewtonSetMinimumFrameRate 10002e10 f   Newton.obj
 0001:00001e60       _NewtonDestroyAllBodies    10002e60 f   Newton.obj
 0001:00001ed0       _NewtonSetWorldSize        10002ed0 f   Newton.obj
 0001:00001f60       _NewtonSetIslandUpdateEvent 10002f60 f   Newton.obj
 0001:00001f80       _NewtonSetCollisionDestructor 10002f80 f   Newton.obj
 0001:00001fa0       _NewtonSetDestroyBodyByExeciveForce 10002fa0 f   Newton.obj
 0001:00001fc0       _NewtonSetBodyLeaveWorldEvent 10002fc0 f   Newton.obj
 0001:00001fe0       _NewtonWorldGetFirstBody   10002fe0 f   Newton.obj
 0001:00002070       _NewtonWorldGetNextBody    10003070 f   Newton.obj
 0001:000020b0       _NewtonWorldForEachJointDo 100030b0 f   Newton.obj
 0001:00002190       _NewtonWorldForEachBodyInAABBDo 10003190 f   Newton.obj
 0001:00002230       _NewtonWorldGetVersion     10003230 f   Newton.obj
 0001:00002240       _NewtonWorldFloatSize      10003240 f   Newton.obj
 0001:00002250       _NewtonWorldSetUserData    10003250 f   Newton.obj
 0001:00002270       _NewtonWorldGetUserData    10003270 f   Newton.obj
 0001:00002290       _NewtonWorldSetDestructorCallBack 10003290 f   Newton.obj
 0001:000022b0       _NewtonWorldGetDestructorCallBack 100032b0 f   Newton.obj
 0001:000022d0       _NewtonWorldGetBodyCount   100032d0 f   Newton.obj
 0001:000022f0       _NewtonWorldGetConstraintCount 100032f0 f   Newton.obj
 0001:00002310       _NewtonWorldRayCast        10003310 f   Newton.obj
 0001:000023c0       _NewtonWorldConvexCast     100033c0 f   Newton.obj
 0001:00002440       _NewtonIslandGetBody       10003440 f   Newton.obj
 0001:00002460       _NewtonIslandGetBodyAABB   10003460 f   Newton.obj
 0001:000024a0       _NewtonMaterialGetDefaultGroupID 100034a0 f   Newton.obj
 0001:000024c0       _NewtonMaterialCreateGroupID 100034c0 f   Newton.obj
 0001:000024e0       _NewtonMaterialDestroyAllGroupID 100034e0 f   Newton.obj
 0001:00002500       _NewtonMaterialSetDefaultCollidable 10003500 f   Newton.obj
 0001:00002560       _NewtonMaterialSetContinuousCollisionMode 10003560 f   Newton.obj
 0001:000025c0       _NewtonMaterialSetSurfaceThickness 100035c0 f   Newton.obj
 0001:00002620       _NewtonMaterialSetDefaultFriction 10003620 f   Newton.obj
 0001:00002730       _NewtonMaterialSetDefaultElasticity 10003730 f   Newton.obj
 0001:00002780       _NewtonMaterialSetDefaultSoftness 10003780 f   Newton.obj
 0001:000027d0       _NewtonMaterialSetCollisionCallback 100037d0 f   Newton.obj
 0001:00002810       ?NewtonMaterialSetCompondCollisionCallback@@YAXQBUNewtonWorld@@HHP6AHQBUNewtonMaterial@@QBUNewtonBody@@2H@Z@Z 10003810 f   Newton.obj
 0001:00002840       _NewtonMaterialGetUserData 10003840 f   Newton.obj
 0001:00002870       _NewtonWorldGetFirstMaterial 10003870 f   Newton.obj
 0001:00002890       _NewtonWorldGetNextMaterial 10003890 f   Newton.obj
 0001:000028b0       _NewtonMaterialGetMaterialPairUserData 100038b0 f   Newton.obj
 0001:000028d0       _NewtonMaterialGetContactFaceAttribute 100038d0 f   Newton.obj
 0001:000028f0       _NewtonMaterialGetContactNormalSpeed 100038f0 f   Newton.obj
 0001:00002a20       _NewtonMaterialGetContactTangentSpeed 10003a20 f   Newton.obj
 0001:00002bb0       _NewtonMaterialGetContactPositionAndNormal 10003bb0 f   Newton.obj
 0001:00002c50       _NewtonMaterialGetContactForce 10003c50 f   Newton.obj
 0001:00002d40       _NewtonMaterialGetContactTangentDirections 10003d40 f   Newton.obj
 0001:00002e10       _NewtonMaterialGetBodyCollidingShape 10003e10 f   Newton.obj
 0001:00002e50       _NewtonMaterialSetContactSoftness 10003e50 f   Newton.obj
 0001:00002e90       _NewtonMaterialSetContactElasticity 10003e90 f   Newton.obj
 0001:00002ed0       _NewtonMaterialSetContactFrictionState 10003ed0 f   Newton.obj
 0001:00002f50       _NewtonMaterialSetContactFrictionCoef 10003f50 f   Newton.obj
 0001:00003030       _NewtonMaterialSetContactNormalAcceleration 10004030 f   Newton.obj
 0001:00003060       _NewtonMaterialSetContactTangentAcceleration 10004060 f   Newton.obj
 0001:000030c0       _NewtonMaterialSetContactNormalDirection 100040c0 f   Newton.obj
 0001:00003220       _NewtonMaterialContactRotateTangentDirections 10004220 f   Newton.obj
 0001:00003350       _NewtonCreateNull          10004350 f   Newton.obj
 0001:00003370       _NewtonCreateBox           10004370 f   Newton.obj
 0001:000033f0       _NewtonCreateSphere        100043f0 f   Newton.obj
 0001:00003500       _NewtonCreateCone          10004500 f   Newton.obj
 0001:00003570       _NewtonCreateCapsule       10004570 f   Newton.obj
 0001:000035e0       _NewtonCreateCylinder      100045e0 f   Newton.obj
 0001:00003650       _NewtonCreateChamferCylinder 10004650 f   Newton.obj
 0001:000036c0       _NewtonCreateConvexHull    100046c0 f   Newton.obj
 0001:00003760       _NewtonCreateConvexHullFromMesh 10004760 f   Newton.obj
 0001:00003790       _NewtonCreateConvexHullModifier 10004790 f   Newton.obj
 0001:000037c0       _NewtonConvexHullModifierGetMatrix 100047c0 f   Newton.obj
 0001:00003810       _NewtonConvexHullModifierSetMatrix 10004810 f   Newton.obj
 0001:00003840       _NewtonCreateCompoundCollision 10004840 f   Newton.obj
 0001:00003880       _NewtonCreateCompoundCollisionFromMesh 10004880 f   Newton.obj
 0001:000039f0       _NewtonCreateCompoundBreakable 100049f0 f   Newton.obj
 0001:00003a40       _NewtonCompoundBreakableResetAnchoredPieces 10004a40 f   Newton.obj
 0001:00003a70       _NewtonCompoundBreakableSetAnchoredPieces 10004a70 f   Newton.obj
 0001:00003ab0       _NewtonBreakableGetMainMesh 10004ab0 f   Newton.obj
 0001:00003af0       _NewtonBreakableBeginDelete 10004af0 f   Newton.obj
 0001:00003b30       _NewtonBreakableCreateDebrieBody 10004b30 f   Newton.obj
 0001:00003b80       _NewtonBreakableDeleteComponent 10004b80 f   Newton.obj
 0001:00003bc0       _NewtonBreakableEndDelete  10004bc0 f   Newton.obj
 0001:00003c00       _NewtonBreakableGetFirstComponent 10004c00 f   Newton.obj
 0001:00003c40       _NewtonBreakableGetNextComponent 10004c40 f   Newton.obj
 0001:00003c70       _NewtonCompoundBreakableGetVertexCount 10004c70 f   Newton.obj
 0001:00003cb0       _NewtonCompoundBreakableGetVertexStreams 10004cb0 f   Newton.obj
 0001:00003d00       _NewtonBreakableGetFirstSegment 10004d00 f   Newton.obj
 0001:00003d20       _NewtonBreakableGetNextSegment 10004d20 f   Newton.obj
 0001:00003d40       _NewtonBreakableGetComponentsInRadius 10004d40 f   Newton.obj
 0001:00003dd0       _NewtonBreakableSegmentGetMaterial 10004dd0 f   Newton.obj
 0001:00003df0       _NewtonBreakableSegmentGetIndexCount 10004df0 f   Newton.obj
 0001:00003e10       _NewtonBreakableSegmentGetIndexStream 10004e10 f   Newton.obj
 0001:00003e60       _NewtonBreakableSegmentGetIndexStreamShort 10004e60 f   Newton.obj
 0001:00003eb0       _NewtonCollisionIsTriggerVolume 10004eb0 f   Newton.obj
 0001:00003ee0       _NewtonCollisionSetAsTriggerVolume 10004ee0 f   Newton.obj
 0001:00003f10       _NewtonCollisionSetMaxBreakImpactImpulse 10004f10 f   Newton.obj
 0001:00003f40       _NewtonCollisionGetMaxBreakImpactImpulse 10004f40 f   Newton.obj
 0001:00003f60       _NewtonCollisionSetUserID  10004f60 f   Newton.obj
 0001:00003f80       _NewtonCollisionGetUserID  10004f80 f   Newton.obj
 0001:00003fa0       _NewtonConvexHullGetFaceIndices 10004fa0 f   Newton.obj
 0001:00003fe0       _NewtonConvexCollisionCalculateVolume 10004fe0 f   Newton.obj
 0001:00004000       _NewtonConvexCollisionCalculateInertialMatrix 10005000 f   Newton.obj
 0001:000040c0       _NewtonCreateUserMeshCollision 100050c0 f   Newton.obj
 0001:00004190       _NewtonCreateTreeCollision 10005190 f   Newton.obj
 0001:000041c0       _NewtonCreateTreeCollisionFromMesh 100051c0 f   Newton.obj
 0001:000041f0       _NewtonStaticCollisionSetDebugCallback 100051f0 f   Newton.obj
 0001:00004250       _NewtonTreeCollisionSetUserRayCastCallback 10005250 f   Newton.obj
 0001:00004280       _NewtonHeightFieldSetUserRayCastCallback 10005280 f   Newton.obj
 0001:000042b0       _NewtonTreeCollisionBeginBuild 100052b0 f   Newton.obj
 0001:00004300       _NewtonTreeCollisionAddFace 10005300 f   Newton.obj
 0001:00004360       _NewtonTreeCollisionEndBuild 10005360 f   Newton.obj
 0001:000043b0       _NewtonTreeCollisionGetFaceAtribute 100053b0 f   Newton.obj
 0001:00004410       _NewtonTreeCollisionSetFaceAtribute 10005410 f   Newton.obj
 0001:00004470       _NewtonTreeCollisionGetVertexListIndexListInAABB 10005470 f   Newton.obj
 0001:00004570       _NewtonCreateHeightFieldCollision 10005570 f   Newton.obj
 0001:000045c0       _NewtonCreateSceneCollision 100055c0 f   Newton.obj
 0001:000045f0       _NewtonSceneCollisionCreateProxy 100055f0 f   Newton.obj
 0001:00004680       _NewtonSceneCollisionDestroyProxy 10005680 f   Newton.obj
 0001:000046d0       _NewtonSceneProxySetMatrix 100056d0 f   Newton.obj
 0001:00004710       _NewtonSceneProxyGetMatrix 10005710 f   Newton.obj
 0001:00004770       _NewtonSceneSetProxyUserData 10005770 f   Newton.obj
 0001:000047b0       _NewtonSceneGetProxyUserData 100057b0 f   Newton.obj
 0001:000047e0       _NewtonSceneGetFirstProxy  100057e0 f   Newton.obj
 0001:00004800       _NewtonSceneGetNextProxy   10005800 f   Newton.obj
 0001:00004830       _NewtonSceneCollisionOptimize 10005830 f   Newton.obj
 0001:00004880       _NewtonCollisionPointDistance 10005880 f   Newton.obj
 0001:000048b0       _NewtonCollisionClosestPoint 100058b0 f   Newton.obj
 0001:000048f0       _NewtonCollisionCollide    100058f0 f   Newton.obj
 0001:00004930       _NewtonCollisionCollideContinue 10005930 f   Newton.obj
 0001:00004990       _NewtonCollisionSupportVertex 10005990 f   Newton.obj
 0001:00004ab0       _NewtonCollisionRayCast    10005ab0 f   Newton.obj
 0001:00004c10       _NewtonCollisionCalculateAABB 10005c10 f   Newton.obj
 0001:00004cb0       _NewtonCollisionForEachPolygonDo 10005cb0 f   Newton.obj
 0001:00004d00       _NewtonCollisionMakeUnique 10005d00 f   Newton.obj
 0001:00004d30       _NewtonAddCollisionReference 10005d30 f   Newton.obj
 0001:00004d50       _NewtonReleaseCollision    10005d50 f   Newton.obj
 0001:00004d80       _NewtonCollisionSerialize  10005d80 f   Newton.obj
 0001:00004db0       _NewtonCreateCollisionFromSerialization 10005db0 f   Newton.obj
 0001:00004dd0       _NewtonCollisionGetInfo    10005dd0 f   Newton.obj
 0001:00004df0       _NewtonGetEulerAngle       10005df0 f   Newton.obj
 0001:00004e40       _NewtonSetEulerAngle       10005e40 f   Newton.obj
 0001:00004fa0       _NewtonCalculateSpringDamperAcceleration 10005fa0 f   Newton.obj
 0001:00005030       _NewtonCreateBody          10006030 f   Newton.obj
 0001:000050a0       _NewtonDestroyBody         100060a0 f   Newton.obj
 0001:000050d0       _NewtonBodySetUserData     100060d0 f   Newton.obj
 0001:000050f0       _NewtonBodyGetUserData     100060f0 f   Newton.obj
 0001:00005110       _NewtonBodyGetWorld        10006110 f   Newton.obj
 0001:00005130       _NewtonBodySetTransformCallback 10006130 f   Newton.obj
 0001:00005150       _NewtonBodyGetTransformCallback 10006150 f   Newton.obj
 0001:00005170       _NewtonBodySetForceAndTorqueCallback 10006170 f   Newton.obj
 0001:00005190       _NewtonBodyGetForceAndTorqueCallback 10006190 f   Newton.obj
 0001:000051b0       _NewtonBodySetDestructorCallback 100061b0 f   Newton.obj
 0001:000051d0       _NewtonBodySetMassMatrix   100061d0 f   Newton.obj
 0001:00005350       _NewtonBodyGetMassMatrix   10006350 f   Newton.obj
 0001:000053f0       _NewtonBodyGetInvMass      100063f0 f   Newton.obj
 0001:00005480       _NewtonBodySetMatrix       10006480 f   Newton.obj
 0001:000054e0       _NewtonBodySetMatrixRecursive 100064e0 f   Newton.obj
 0001:00005540       _NewtonBodyGetMatrix       10006540 f   Newton.obj
 0001:00005570       _NewtonBodyGetRotation     10006570 f   Newton.obj
 0001:000055b0       _NewtonBodySetForce        100065b0 f   Newton.obj
 0001:00005610       _NewtonBodyAddForce        10006610 f   Newton.obj
 0001:00005670       _NewtonBodyGetForceAcc     10006670 f   Newton.obj
 0001:000056d0       _NewtonBodyGetForce        100066d0 f   Newton.obj
 0001:00005730       _NewtonBodyCalculateInverseDynamicsForce 10006730 f   Newton.obj
 0001:000057d0       _NewtonBodySetTorque       100067d0 f   Newton.obj
 0001:00005830       _NewtonBodyAddTorque       10006830 f   Newton.obj
 0001:00005890       _NewtonBodyGetTorque       10006890 f   Newton.obj
 0001:000058f0       _NewtonBodyGetTorqueAcc    100068f0 f   Newton.obj
 0001:00005950       _NewtonBodySetCentreOfMass 10006950 f   Newton.obj
 0001:000059b0       _NewtonBodyGetCentreOfMass 100069b0 f   Newton.obj
 0001:00005a00       _NewtonBodyGetFirstJoint   10006a00 f   Newton.obj
 0001:00005a20       _NewtonBodyGetNextJoint    10006a20 f   Newton.obj
 0001:00005a40       _NewtonBodyGetFirstContactJoint 10006a40 f   Newton.obj
 0001:00005a60       _NewtonBodyGetNextContactJoint 10006a60 f   Newton.obj
 0001:00005a80       _NewtonContactJointGetContactCount 10006a80 f   Newton.obj
 0001:00005ac0       _NewtonContactJointGetFirstContact 10006ac0 f   Newton.obj
 0001:00005b00       _NewtonContactJointGetNextContact 10006b00 f   Newton.obj
 0001:00005b40       _NewtonContactJointRemoveContact 10006b40 f   Newton.obj
 0001:00005b90       _NewtonContactGetMaterial  10006b90 f   Newton.obj
 0001:00005bb0       _NewtonBodyAddBuoyancyForce 10006bb0 f   Newton.obj
 0001:00005c30       _NewtonBodySetCollision    10006c30 f   Newton.obj
 0001:00005c60       _NewtonBodyGetCollision    10006c60 f   Newton.obj
 0001:00005c80       _NewtonBodySetMaterialGroupID 10006c80 f   Newton.obj
 0001:00005ca0       _NewtonBodyGetMaterialGroupID 10006ca0 f   Newton.obj
 0001:00005cc0       _NewtonBodySetContinuousCollisionMode 10006cc0 f   Newton.obj
 0001:00005cf0       _NewtonBodyGetContinuousCollisionMode 10006cf0 f   Newton.obj
 0001:00005d10       _NewtonBodySetJointRecursiveCollision 10006d10 f   Newton.obj
 0001:00005d40       _NewtonBodyGetJointRecursiveCollision 10006d40 f   Newton.obj
 0001:00005d60       _NewtonBodyGetFreezeState  10006d60 f   Newton.obj
 0001:00005d80       _NewtonBodySetFreezeState  10006d80 f   Newton.obj
 0001:00005db0       _NewtonBodySetAutoSleep    10006db0 f   Newton.obj
 0001:00005de0       _NewtonBodyGetAutoSleep    10006de0 f   Newton.obj
 0001:00005e00       _NewtonBodyGetSleepState   10006e00 f   Newton.obj
 0001:00005e20       _NewtonBodyGetAABB         10006e20 f   Newton.obj
 0001:00005ea0       _NewtonBodySetVelocity     10006ea0 f   Newton.obj
 0001:00005f00       _NewtonBodyGetVelocity     10006f00 f   Newton.obj
 0001:00005f60       _NewtonBodySetOmega        10006f60 f   Newton.obj
 0001:00005fc0       _NewtonBodyGetOmega        10006fc0 f   Newton.obj
 0001:00006020       _NewtonBodySetLinearDamping 10007020 f   Newton.obj
 0001:00006040       _NewtonBodyGetLinearDamping 10007040 f   Newton.obj
 0001:00006060       _NewtonBodySetAngularDamping 10007060 f   Newton.obj
 0001:000060c0       _NewtonBodyGetAngularDamping 100070c0 f   Newton.obj
 0001:00006110       _NewtonBodyAddImpulse      10007110 f   Newton.obj
 0001:00006170       _NewtonBodyApplyImpulseArray 10007170 f   Newton.obj
 0001:000061b0       _NewtonConstraintCreateBall 100071b0 f   Newton.obj
 0001:00006230       _NewtonBallSetConeLimits   10007230 f   Newton.obj
 0001:00006570       _NewtonBallSetUserCallback 10007570 f   Newton.obj
 0001:00006590       _NewtonBallGetJointAngle   10007590 f   Newton.obj
 0001:000065e0       _NewtonBallGetJointOmega   100075e0 f   Newton.obj
 0001:00006630       _NewtonBallGetJointForce   10007630 f   Newton.obj
 0001:00006680       _NewtonConstraintCreateHinge 10007680 f   Newton.obj
 0001:00006720       _NewtonHingeSetUserCallback 10007720 f   Newton.obj
 0001:00006740       _NewtonHingeGetJointAngle  10007740 f   Newton.obj
 0001:00006760       _NewtonHingeGetJointOmega  10007760 f   Newton.obj
 0001:00006780       _NewtonHingeCalculateStopAlpha 10007780 f   Newton.obj
 0001:000067b0       _NewtonHingeGetJointForce  100077b0 f   Newton.obj
 0001:00006800       _NewtonConstraintCreateSlider 10007800 f   Newton.obj
 0001:000068a0       _NewtonSliderSetUserCallback 100078a0 f   Newton.obj
 0001:000068c0       _NewtonSliderGetJointPosit 100078c0 f   Newton.obj
 0001:000068e0       _NewtonSliderGetJointVeloc 100078e0 f   Newton.obj
 0001:00006900       _NewtonSliderCalculateStopAccel 10007900 f   Newton.obj
 0001:00006930       _NewtonSliderGetJointForce 10007930 f   Newton.obj
 0001:00006980       _NewtonConstraintCreateCorkscrew 10007980 f   Newton.obj
 0001:00006a20       _NewtonCorkscrewSetUserCallback 10007a20 f   Newton.obj
 0001:00006a40       _NewtonCorkscrewGetJointPosit 10007a40 f   Newton.obj
 0001:00006a60       _NewtonCorkscrewGetJointVeloc 10007a60 f   Newton.obj
 0001:00006a80       _NewtonCorkscrewGetJointAngle 10007a80 f   Newton.obj
 0001:00006aa0       _NewtonCorkscrewGetJointOmega 10007aa0 f   Newton.obj
 0001:00006ac0       _NewtonCorkscrewCalculateStopAlpha 10007ac0 f   Newton.obj
 0001:00006af0       _NewtonCorkscrewCalculateStopAccel 10007af0 f   Newton.obj
 0001:00006b20       _NewtonCorkscrewGetJointForce 10007b20 f   Newton.obj
 0001:00006b70       _NewtonConstraintCreateUniversal 10007b70 f   Newton.obj
 0001:00006c40       _NewtonUniversalSetUserCallback 10007c40 f   Newton.obj
 0001:00006c60       _NewtonUniversalGetJointAngle0 10007c60 f   Newton.obj
 0001:00006c80       _NewtonUniversalGetJointAngle1 10007c80 f   Newton.obj
 0001:00006ca0       _NewtonUniversalGetJointOmega0 10007ca0 f   Newton.obj
 0001:00006cc0       _NewtonUniversalGetJointOmega1 10007cc0 f   Newton.obj
 0001:00006ce0       _NewtonUniversalCalculateStopAlpha0 10007ce0 f   Newton.obj
 0001:00006d10       _NewtonUniversalCalculateStopAlpha1 10007d10 f   Newton.obj
 0001:00006d40       _NewtonUniversalGetJointForce 10007d40 f   Newton.obj
 0001:00006d90       _NewtonConstraintCreateUpVector 10007d90 f   Newton.obj
 0001:00006e00       _NewtonUpVectorGetPin      10007e00 f   Newton.obj
 0001:00006e50       _NewtonUpVectorSetPin      10007e50 f   Newton.obj
 0001:00006eb0       _NewtonConstraintCreateUserJoint 10007eb0 f   Newton.obj
 0001:00006f20       _NewtonUserJointAddLinearRow 10007f20 f   Newton.obj
 0001:00007090       _NewtonUserJointAddAngularRow 10008090 f   Newton.obj
 0001:000071a0       _NewtonUserJointAddGeneralRow 100081a0 f   Newton.obj
 0001:000071c0       _NewtonUserJointSetRowMaximumFriction 100081c0 f   Newton.obj
 0001:000071e0       _NewtonUserJointSetRowMinimumFriction 100081e0 f   Newton.obj
 0001:00007200       _NewtonUserJointSetRowAcceleration 10008200 f   Newton.obj
 0001:00007220       _NewtonUserJointSetRowSpringDamperAcceleration 10008220 f   Newton.obj
 0001:00007250       _NewtonUserJointSetRowStiffness 10008250 f   Newton.obj
 0001:00007270       _NewtonUserJointGetRowForce 10008270 f   Newton.obj
 0001:00007290       _NewtonUserJointSetFeedbackCollectorCallback 10008290 f   Newton.obj
 0001:000072b0       _NewtonJointSetUserData    100082b0 f   Newton.obj
 0001:000072d0       _NewtonJointGetUserData    100082d0 f   Newton.obj
 0001:000072f0       _NewtonJointGetInfo        100082f0 f   Newton.obj
 0001:00007310       _NewtonJointGetBody0       10008310 f   Newton.obj
 0001:00007330       _NewtonJointGetBody1       10008330 f   Newton.obj
 0001:00007370       _NewtonJointSetCollisionState 10008370 f   Newton.obj
 0001:000073a0       _NewtonJointGetCollisionState 100083a0 f   Newton.obj
 0001:000073c0       _NewtonJointSetStiffness   100083c0 f   Newton.obj
 0001:000073f0       _NewtonJointGetStiffness   100083f0 f   Newton.obj
 0001:00007410       _NewtonJointSetDestructor  10008410 f   Newton.obj
 0001:00007430       _NewtonDestroyJoint        10008430 f   Newton.obj
 0001:00007450       _NewtonMeshCreate          10008450 f   Newton.obj
 0001:000074b0       _NewtonMeshCreateFromMesh  100084b0 f   Newton.obj
 0001:00007500       _NewtonMeshCreateFromCollision 10008500 f   Newton.obj
 0001:00007550       _NewtonMeshConvexHull      10008550 f   Newton.obj
 0001:00007680       _NewtonMeshDestroy         10008680 f   Newton.obj
 0001:000076c0       _NewtonMesApplyTransform   100086c0 f   Newton.obj
 0001:00007710       _NewtonMeshCalculateOOBB   10008710 f   Newton.obj
 0001:00007780       _NewtonMeshCalculateVertexNormals 10008780 f   Newton.obj
 0001:000077a0       _NewtonMeshApplySphericalMapping 100087a0 f   Newton.obj
 0001:000077c0       _NewtonMeshApplyBoxMapping 100087c0 f   Newton.obj
 0001:000077f0       _NewtonMeshApplyCylindricalMapping 100087f0 f   Newton.obj
 0001:00007810       _NewtonMeshTriangulate     10008810 f   Newton.obj
 0001:00007820       _NewtonMeshPolygonize      10008820 f   Newton.obj
 0001:00007830       _NewtonMeshIsOpenMesh      10008830 f   Newton.obj
 0001:00007850       _NewtonMeshFixTJoints      10008850 f   Newton.obj
 0001:00007860       _NewtonMeshClip            10008860 f   Newton.obj
 0001:000078a0       _NewtonMeshPlaneClip       100088a0 f   Newton.obj
 0001:000078f0       _NewtonMeshApproximateConvexDecomposition 100088f0 f   Newton.obj
 0001:00007910       _NewtonMeshTetrahedralization 10008910 f   Newton.obj
 0001:00007930       _NewtonMeshVoronoiDecomposition 10008930 f   Newton.obj
 0001:00007960       _NewtonMeshUnion           10008960 f   Newton.obj
 0001:00007980       _NewtonMeshDifference      10008980 f   Newton.obj
 0001:000079a0       _NewtonMeshIntersection    100089a0 f   Newton.obj
 0001:000079c0       _NewtonRemoveUnusedVertices 100089c0 f   Newton.obj
 0001:000079e0       _NewtonMeshBeginFace       100089e0 f   Newton.obj
 0001:00007a00       _NewtonMeshAddFace         10008a00 f   Newton.obj
 0001:00007a30       _NewtonMeshEndFace         10008a30 f   Newton.obj
 0001:00007a60       _NewtonMeshBuildFromVertexListIndexList 10008a60 f   Newton.obj
 0001:00007ac0       _NewtonMeshGetVertexCount  10008ac0 f   Newton.obj
 0001:00007ae0       _NewtonMeshGetVertexStrideInByte 10008ae0 f   Newton.obj
 0001:00007b00       _NewtonMeshGetVertexArray  10008b00 f   Newton.obj
 0001:00007b20       _NewtonMeshGetPointCount   10008b20 f   Newton.obj
 0001:00007b40       _NewtonMeshGetPointStrideInByte 10008b40 f   Newton.obj
 0001:00007b60       _NewtonMeshGetPointArray   10008b60 f   Newton.obj
 0001:00007b80       _NewtonMeshGetNormalArray  10008b80 f   Newton.obj
 0001:00007ba0       _NewtonMeshGetUV0Array     10008ba0 f   Newton.obj
 0001:00007bc0       _NewtonMeshGetUV1Array     10008bc0 f   Newton.obj
 0001:00007be0       _NewtonMeshGetVertexStreams 10008be0 f   Newton.obj
 0001:00007c20       _NewtonMeshGetIndirectVertexStreams 10008c20 f   Newton.obj
 0001:00007c50       _NewtonMeshBeginHandle     10008c50 f   Newton.obj
 0001:00007c70       _NewtonMeshEndHandle       10008c70 f   Newton.obj
 0001:00007c90       _NewtonMeshFirstMaterial   10008c90 f   Newton.obj
 0001:00007cb0       _NewtonMeshNextMaterial    10008cb0 f   Newton.obj
 0001:00007cd0       _NewtonMeshMaterialGetMaterial 10008cd0 f   Newton.obj
 0001:00007cf0       _NewtonMeshMaterialGetIndexCount 10008cf0 f   Newton.obj
 0001:00007d10       _NewtonMeshMaterialGetIndexStream 10008d10 f   Newton.obj
 0001:00007d40       _NewtonMeshMaterialGetIndexStreamShort 10008d40 f   Newton.obj
 0001:00007d70       _NewtonMeshCreateFirstSingleSegment 10008d70 f   Newton.obj
 0001:00007e20       _NewtonMeshCreateNextSingleSegment 10008e20 f   Newton.obj
 0001:00007ef0       _NewtonMeshCreateFirstLayer 10008ef0 f   Newton.obj
 0001:00007f10       _NewtonMeshCreateNextLayer 10008f10 f   Newton.obj
 0001:00007f30       _NewtonMeshGetTotalFaceCount 10008f30 f   Newton.obj
 0001:00007f40       _NewtonMeshGetTotalIndexCount 10008f40 f   Newton.obj
 0001:00007f50       _NewtonMeshGetFaces        10008f50 f   Newton.obj
 0001:00007f70       _NewtonMeshGetFirstVertex  10008f70 f   Newton.obj
 0001:00007f80       _NewtonMeshGetNextVertex   10008f80 f   Newton.obj
 0001:00007fa0       _NewtonMeshGetVertexIndex  10008fa0 f   Newton.obj
 0001:00007fc0       _NewtonMeshGetFirstPoint   10008fc0 f   Newton.obj
 0001:00007fd0       _NewtonMeshGetNextPoint    10008fd0 f   Newton.obj
 0001:00007ff0       _NewtonMeshGetPointIndex   10008ff0 f   Newton.obj
 0001:00008010       _NewtonMeshGetVertexIndexFromPoint 10009010 f   Newton.obj
 0001:00008030       _NewtonMeshGetFirstEdge    10009030 f   Newton.obj
 0001:00008040       _NewtonMeshGetNextEdge     10009040 f   Newton.obj
 0001:00008060       _NewtonMeshGetEdgeIndices  10009060 f   Newton.obj
 0001:00008080       _NewtonMeshGetFirstFace    10009080 f   Newton.obj
 0001:00008090       _NewtonMeshGetNextFace     10009090 f   Newton.obj
 0001:000080b0       _NewtonMeshIsFaceOpen      100090b0 f   Newton.obj
 0001:000080d0       _NewtonMeshGetFaceIndexCount 100090d0 f   Newton.obj
 0001:000080f0       _NewtonMeshGetFaceMaterial 100090f0 f   Newton.obj
 0001:00008110       _NewtonMeshGetFaceIndices  10009110 f   Newton.obj
 0001:00008130       _NewtonMeshGetFacePointIndices 10009130 f   Newton.obj
 0001:00009b30       ??2Newton@@SAPAXIQAVdgMemoryAllocator@@@Z 1000ab30 f i Newton.obj
 0001:00009b50       ??_GdgMemoryAllocator@@QAEPAXI@Z 1000ab50 f i Newton.obj
 0001:00009b90       ?sqrt@@YAMM@Z              1000ab90 f i Newton.obj
 0001:00009bb0       _sqrtf                     1000abb0 f i Newton.obj
 0001:00009be0       ?dgAbsf@@YAMM@Z            1000abe0 f i Newton.obj
 0001:00009c20       ?dgCeil@@YAMM@Z            1000ac20 f i Newton.obj
 0001:00009cc0       ?ceil@@YAMM@Z              1000acc0 f i Newton.obj
 0001:00009ce0       _ceilf                     1000ace0 f i Newton.obj
 0001:00009d10       ?dgFloor@@YAMM@Z           1000ad10 f i Newton.obj
 0001:00009d90       ?floor@@YAMM@Z             1000ad90 f i Newton.obj
 0001:00009db0       _floorf                    1000adb0 f i Newton.obj
 0001:00009de0       ?dgFastInt@@YAHM@Z         1000ade0 f i Newton.obj
 0001:00009e20       ??0dgVector@@QAE@XZ        1000ae20 f i Newton.obj
 0001:00009e40       ??0dgVector@@QAE@ABV?$dgTemplateVector@M@@@Z 1000ae40 f i Newton.obj
 0001:00009ff0       ??0dgVector@@QAE@MMMM@Z    1000aff0 f i Newton.obj
 0001:0000a040       ??0dgContactPoint@@QAE@XZ  1000b040 f i Newton.obj
 0001:0000a070       ??0dgMatrix@@QAE@ABVdgVector@@@Z 1000b070 f i Newton.obj
 0001:0000a520       ??AdgMatrix@@QAEAAVdgVector@@H@Z 1000b520 f i Newton.obj
 0001:0000a5a0       ??0dgVector@@QAE@PBM@Z     1000b5a0 f i Newton.obj
 0001:0000a740       ?RotateVector@dgMatrix@@QBE?AVdgVector@@ABV2@@Z 1000b740 f i Newton.obj
 0001:0000a830       ?UnrotateVector@dgMatrix@@QBE?AVdgVector@@ABV2@@Z 1000b830 f i Newton.obj
 0001:0000a8a0       ?TransformVector@dgMatrix@@QBE?AVdgVector@@ABV2@@Z 1000b8a0 f i Newton.obj
 0001:0000a9a0       ?UntransformVector@dgMatrix@@QBE?AVdgVector@@ABV2@@Z 1000b9a0 f i Newton.obj
 0001:0000aa10       ?dgPitchMatrix@@YA?AVdgMatrix@@M@Z 1000ba10 f i Newton.obj
 0001:0000ab20       ?cos@@YAMM@Z               1000bb20 f i Newton.obj
 0001:0000ab40       _cosf                      1000bb40 f i Newton.obj
 0001:0000ab70       ?sin@@YAMM@Z               1000bb70 f i Newton.obj
 0001:0000ab90       _sinf                      1000bb90 f i Newton.obj
 0001:0000abc0       ??0dgMatrix@@QAE@ABVdgVector@@000@Z 1000bbc0 f i Newton.obj
 0001:0000ac70       ?dgYawMatrix@@YA?AVdgMatrix@@M@Z 1000bc70 f i Newton.obj
 0001:0000ad80       ?dgRollMatrix@@YA?AVdgMatrix@@M@Z 1000bd80 f i Newton.obj
 0001:0000ae90       ??0dgBigVector@@QAE@XZ     1000be90 f i Newton.obj
 0001:0000aeb0       ?BeginConectedSurface@dgPolyhedra@@QBEXXZ 1000beb0 f i Newton.obj
 0001:0000aed0       ?IncLRU@dgPolyhedra@@QBEHXZ 1000bed0 f i Newton.obj
 0001:0000af40       ?EndConectedSurface@dgPolyhedra@@QBEXXZ 1000bf40 f i Newton.obj
 0001:0000af50       ?GetTagId@dgPolygonSoupDatabase@@QBEIPBH@Z 1000bf50 f i Newton.obj
 0001:0000af70       ?SetTagId@dgPolygonSoupDatabase@@QBEXPBHI@Z 1000bf70 f i Newton.obj
 0001:0000afa0       ??2?$dgTree@VdgEdge@@_J@@SAPAXIQAVdgMemoryAllocator@@@Z 1000bfa0 f i Newton.obj
 0001:0000afc0       ?GetInfo@dgListNode@?$dgList@V?$dgGraphNode@VdgDebriNodeInfo@dgCollisionCompoundBreakable@@VdgSharedNodeMesh@2@@@@@QAEAAV?$dgGraphNode@VdgDebriNodeInfo@dgCollisionCompoundBreakable@@VdgSharedNodeMesh@2@@@XZ 1000bfc0 f i Newton.obj
 0001:0000afe0       ?GetInfo@dgListNode@?$dgList@VdgBodyMasterListCell@@@@QAEAAVdgBodyMasterListCell@@XZ 1000bfe0 f i Newton.obj
 0001:0000b000       ?GetInfo@dgListNode@?$dgList@VdgBodyMasterListRow@@@@QAEAAVdgBodyMasterListRow@@XZ 1000c000 f i Newton.obj
 0001:0000b020       ?GetInfo@dgListNode@?$dgList@VdgContactMaterial@@@@QAEAAVdgContactMaterial@@XZ 1000c020 f i Newton.obj
 0001:0000b040       ?GetInfo@dgListNode@?$dgList@PAVdgProxy@dgCollisionScene@@@@QAEAAPAVdgProxy@dgCollisionScene@@XZ 1000c040 f i Newton.obj
 0001:0000b060       ?GetInfo@dgListNode@?$dgList@VdgSubMesh@dgCollisionCompoundBreakable@@@@QAEAAVdgSubMesh@dgCollisionCompoundBreakable@@XZ 1000c060 f i Newton.obj
 0001:0000b080       ?GetInfo@dgListNode@?$dgList@PAUNewtonCollision@@@@QAEAAPAUNewtonCollision@@XZ 1000c080 f i Newton.obj
 0001:0000b0a0       ?GetNext@dgListNode@?$dgList@PAUNewtonCollision@@@@QBEPAV12@XZ 1000c0a0 f i Newton.obj
 0001:0000b0c0       ?GetAllocator@?$dgTree@VdgEdge@@_J@@QBEPAVdgMemoryAllocator@@XZ 1000c0c0 f i Newton.obj
 0001:0000b0e0       ?GetFirst@?$dgList@VdgBodyMasterListCell@@@@QBEPAVdgListNode@1@XZ 1000c0e0 f i Newton.obj
 0001:0000b100       ?GetFirst@?$dgList@VdgBodyMasterListRow@@@@QBEPAVdgListNode@1@XZ 1000c100 f i Newton.obj
 0001:0000b120       ?GetCount@?$dgList@VdgContactMaterial@@@@QBEHXZ 1000c120 f i Newton.obj
 0001:0000b140       ?GetFirst@?$dgList@VdgContactMaterial@@@@QBEPAVdgListNode@1@XZ 1000c140 f i Newton.obj
 0001:0000b160       ?Remove@?$dgList@VdgContactMaterial@@@@QAEXQAVdgListNode@1@@Z 1000c160 f i Newton.obj
 0001:0000b1c0       ?GetFirst@?$dgList@VdgSubMesh@dgCollisionCompoundBreakable@@@@QBEPAVdgListNode@1@XZ 1000c1c0 f i Newton.obj
 0001:0000b1e0       ?GetBody@dgBodyMasterListRow@@QBEPAVdgBody@@XZ 1000c1e0 f i Newton.obj
 0001:0000b200       ??0?$dgTree@PAVdgConstraint@@PAV1@@@QAE@QAVdgMemoryAllocator@@@Z 1000c200 f i Newton.obj
 0001:0000b250       ??1?$dgTree@PAVdgConstraint@@PAV1@@@UAE@XZ 1000c250 f i Newton.obj
 0001:0000b280       ?Find@?$dgTree@PAVdgConstraint@@PAV1@@@QBEPAVdgTreeNode@1@PAVdgConstraint@@@Z 1000c280 f i Newton.obj
 0001:0000b3f0       ?SetAutoSleep@dgBody@@QAEX_N@Z 1000c3f0 f i Newton.obj
 0001:0000b460       ?GetAutoSleep@dgBody@@QBE_NXZ 1000c460 f i Newton.obj
 0001:0000b480       ?GetSleepState@dgBody@@QBE_NXZ 1000c480 f i Newton.obj
 0001:0000b4a0       ?GetCollisionWithLinkedBodies@dgBody@@QBE_NXZ 1000c4a0 f i Newton.obj
 0001:0000b4c0       ?Insert@?$dgTree@PAVdgConstraint@@PAV1@@@QAEPAVdgTreeNode@1@ABQAVdgConstraint@@PAV3@@Z 1000c4c0 f i Newton.obj
 0001:0000b510       ?SetCollisionWithLinkedBodies@dgBody@@QAEX_N@Z 1000c510 f i Newton.obj
 0001:0000b550       ??$GetMax@M@@YAMMM@Z       1000c550 f i Newton.obj
 0001:0000b580       ?SetUserData@dgBody@@QAEXQAX@Z 1000c580 f i Newton.obj
 0001:0000b5a0       ??$GetMin@M@@YAMMM@Z       1000c5a0 f i Newton.obj
 0001:0000b5d0       ?GetUserData@dgBody@@QBEPAXXZ 1000c5d0 f i Newton.obj
 0001:0000b5f0       ?GetWorld@dgBody@@QBEPAVdgWorld@@XZ 1000c5f0 f i Newton.obj
 0001:0000b610       ??0?$dgList@PAUNewtonCollision@@@@QAE@QAVdgMemoryAllocator@@@Z 1000c610 f i Newton.obj
 0001:0000b660       ?GetGroupID@dgBody@@QBEIXZ 1000c660 f i Newton.obj
 0001:0000b680       ?SetGroupID@dgBody@@QAEXI@Z 1000c680 f i Newton.obj
 0001:0000b6a0       ??1?$dgList@PAUNewtonCollision@@@@UAE@XZ 1000c6a0 f i Newton.obj
 0001:0000b6d0       ?SetDestructorCallback@dgBody@@QAEXP6AXAAV1@@Z@Z 1000c6d0 f i Newton.obj
 0001:0000b6f0       ?GetCount@?$dgList@PAUNewtonCollision@@@@QBEHXZ 1000c6f0 f i Newton.obj
 0001:0000b710       ?SetExtForceAndTorqueCallback@dgBody@@QAEXP6AXAAV1@MH@Z@Z 1000c710 f i Newton.obj
 0001:0000b730       ?GetFirst@?$dgList@PAUNewtonCollision@@@@QBEPAVdgListNode@1@XZ 1000c730 f i Newton.obj
 0001:0000b750       ?GetExtForceAndTorqueCallback@dgBody@@QBEP6AXAAV1@MH@ZXZ 1000c750 f i Newton.obj
 0001:0000b770       ?Append@?$dgList@PAUNewtonCollision@@@@QAEPAVdgListNode@1@ABQAUNewtonCollision@@@Z 1000c770 f i Newton.obj
 0001:0000b860       ?SetMatrixUpdateCallback@dgBody@@QAEXP6AXABV1@ABVdgMatrix@@H@Z@Z 1000c860 f i Newton.obj
 0001:0000b880       ?GetMatrixUpdateCallback@dgBody@@QAEP6AXABV1@ABVdgMatrix@@H@ZXZ 1000c880 f i Newton.obj
 0001:0000b8a0       ?SetOmega@dgBody@@QAEXABVdgVector@@@Z 1000c8a0 f i Newton.obj
 0001:0000b8e0       ?SetVelocity@dgBody@@QAEXABVdgVector@@@Z 1000c8e0 f i Newton.obj
 0001:0000b920       ?SetCentreOfMass@dgBody@@QAEXABVdgVector@@@Z 1000c920 f i Newton.obj
 0001:0000b9e0       ??0?$dgStack@PAUNewtonCollision@@@@QAE@H@Z 1000c9e0 f i Newton.obj
 0001:0000ba20       ??0dgStackBase@@IAE@H@Z    1000ca20 f i Newton.obj
 0001:0000ba50       ??1?$dgStack@PAUNewtonCollision@@@@QAE@XZ 1000ca50 f i Newton.obj
 0001:0000ba70       ??1dgStackBase@@IAE@XZ     1000ca70 f i Newton.obj
 0001:0000ba90       ??A?$dgStack@PAUNewtonCollision@@@@QAEAAPAUNewtonCollision@@H@Z 1000ca90 f i Newton.obj
 0001:0000bb30       ?AddForce@dgBody@@QAEXABVdgVector@@@Z 1000cb30 f i Newton.obj
 0001:0000bba0       ??0?$dgStack@VdgBigVector@@@@QAE@H@Z 1000cba0 f i Newton.obj
 0001:0000bbe0       ?AddTorque@dgBody@@QAEXABVdgVector@@@Z 1000cbe0 f i Newton.obj
 0001:0000bc50       ??1?$dgStack@VdgBigVector@@@@QAE@XZ 1000cc50 f i Newton.obj
 0001:0000bc70       ??A?$dgStack@VdgBigVector@@@@QAEAAVdgBigVector@@H@Z 1000cc70 f i Newton.obj
 0001:0000bd10       ?GetAparentMass@dgBody@@QBEABVdgVector@@XZ 1000cd10 f i Newton.obj
 0001:0000bd30       ?GetOmega@dgBody@@QBEABVdgVector@@XZ 1000cd30 f i Newton.obj
 0001:0000bd50       ?GetVelocity@dgBody@@QBEABVdgVector@@XZ 1000cd50 f i Newton.obj
 0001:0000bd70       ?GetForce@dgBody@@QBEABVdgVector@@XZ 1000cd70 f i Newton.obj
 0001:0000bd90       ?GetTorque@dgBody@@QBEABVdgVector@@XZ 1000cd90 f i Newton.obj
 0001:0000bdb0       ?GetNetForce@dgBody@@QBEABVdgVector@@XZ 1000cdb0 f i Newton.obj
 0001:0000bdd0       ??_G?$dgTree@PAVdgConstraint@@PAV1@@@UAEPAXI@Z 1000cdd0 f i Newton.obj
 0001:0000bdd0       ??_E?$dgTree@PAVdgConstraint@@PAV1@@@UAEPAXI@Z 1000cdd0 f i Newton.obj
 0001:0000be10       ?GetNetTorque@dgBody@@QBEABVdgVector@@XZ 1000ce10 f i Newton.obj
 0001:0000be30       ??_G?$dgList@PAUNewtonCollision@@@@UAEPAXI@Z 1000ce30 f i Newton.obj
 0001:0000be30       ??_E?$dgList@PAUNewtonCollision@@@@UAEPAXI@Z 1000ce30 f i Newton.obj
 0001:0000be70       ?GetCollision@dgBody@@QBEPAVdgCollision@@XZ 1000ce70 f i Newton.obj
 0001:0000be90       ?GetPosition@dgBody@@QBEABVdgVector@@XZ 1000ce90 f i Newton.obj
 0001:0000beb0       ?GetRotation@dgBody@@QBEABVdgQuaternion@@XZ 1000ceb0 f i Newton.obj
 0001:0000bed0       ??3?$dgTree@PAVdgConstraint@@PAV1@@@SAXQAX@Z 1000ced0 f i Newton.obj
 0001:0000bef0       ?GetMatrix@dgBody@@QBEABVdgMatrix@@XZ 1000cef0 f i Newton.obj
 0001:0000bf10       ??3?$dgList@PAUNewtonCollision@@@@SAXQAX@Z 1000cf10 f i Newton.obj
 0001:0000bf30       ?GetCentreOfMass@dgBody@@QBE?AVdgVector@@XZ 1000cf30 f i Newton.obj
 0001:0000bf70       ??2dgListNode@?$dgList@PAUNewtonCollision@@@@CAPAXIQAVdgMemoryAllocator@@@Z 1000cf70 f i Newton.obj
 0001:0000bf90       ?GetAABB@dgBody@@QBEXAAVdgVector@@0@Z 1000cf90 f i Newton.obj
 0001:0000c010       ??0dgListNode@?$dgList@PAUNewtonCollision@@@@AAE@ABQAUNewtonCollision@@QAV01@1@Z 1000d010 f i Newton.obj
 0001:0000c090       ??_EdgListNode@?$dgList@PAUNewtonCollision@@@@EAEPAXI@Z 1000d090 f i Newton.obj
 0001:0000c090       ??_GdgListNode@?$dgList@PAUNewtonCollision@@@@EAEPAXI@Z 1000d090 f i Newton.obj
 0001:0000c0d0       ??1dgListNode@?$dgList@PAUNewtonCollision@@@@EAE@XZ 1000d0d0 f i Newton.obj
 0001:0000c0f0       ??3dgListNode@?$dgList@PAUNewtonCollision@@@@CAXQAX@Z 1000d0f0 f i Newton.obj
 0001:0000c110       ?GetLeft@dgTreeNode@?$dgTree@PAVdgConstraint@@PAV1@@@ABEPAV12@XZ 1000d110 f i Newton.obj
 0001:0000c130       ?GetRight@dgTreeNode@?$dgTree@PAVdgConstraint@@PAV1@@@ABEPAV12@XZ 1000d130 f i Newton.obj
 0001:0000c150       ?SetContinuesCollisionMode@dgBody@@QAEX_N@Z 1000d150 f i Newton.obj
 0001:0000c190       ?GetContinuesCollisionMode@dgBody@@QBE_NXZ 1000d190 f i Newton.obj
 0001:0000c1b0       ?Unlink@?$dgList@VdgContactMaterial@@@@QAEXQAVdgListNode@1@@Z 1000d1b0 f i Newton.obj
 0001:0000c290       ?GetLinearDamping@dgBody@@QBEMXZ 1000d290 f i Newton.obj
 0001:0000c2d0       ?GetAngularDamping@dgBody@@QBE?AVdgVector@@XZ 1000d2d0 f i Newton.obj
 0001:0000c370       ?SetLinearDamping@dgBody@@QAEXM@Z 1000d370 f i Newton.obj
 0001:0000c3d0       ?Insert@?$dgTree@PAVdgConstraint@@PAV1@@@QAEPAVdgTreeNode@1@ABQAVdgConstraint@@PAV3@AA_N@Z 1000d3d0 f i Newton.obj
 0001:0000c650       ??2dgRedBackNode@@SAPAXIQAVdgMemoryAllocator@@@Z 1000d650 f i Newton.obj
 0001:0000c670       ?SetAngularDamping@dgBody@@QAEXABVdgVector@@@Z 1000d670 f i Newton.obj
 0001:0000c750       ?SetForce@dgBody@@QAEXABVdgVector@@@Z 1000d750 f i Newton.obj
 0001:0000c880       ?RemoveAll@?$dgTree@PAVdgConstraint@@PAV1@@@QAEXXZ 1000d880 f i Newton.obj
 0001:0000c8c0       ?CompareKeys@?$dgTree@PAVdgConstraint@@PAV1@@@ABEHABQAVdgConstraint@@0@Z 1000d8c0 f i Newton.obj
 0001:0000c900       ?RemoveAll@?$dgList@PAUNewtonCollision@@@@QAEXXZ 1000d900 f i Newton.obj
 0001:0000c9f0       ?SetTorque@dgBody@@QAEXABVdgVector@@@Z 1000d9f0 f i Newton.obj
 0001:0000cb20       ?GetPrev@dgListNode@?$dgList@VdgContactMaterial@@@@QBEPAV12@XZ 1000db20 f i Newton.obj
 0001:0000cb40       ?Unlink@dgListNode@?$dgList@PAUNewtonCollision@@@@AAEXXZ 1000db40 f i Newton.obj
 0001:0000cbb0       ?GetMasterList@dgBody@@QBEPAVdgListNode@?$dgList@VdgBodyMasterListRow@@@@XZ 1000dbb0 f i Newton.obj
 0001:0000cbd0       ?GetFreeze@dgBody@@QBE_NXZ 1000dbd0 f i Newton.obj
 0001:0000cbf0       ??0dgTreeNode@?$dgTree@PAVdgConstraint@@PAV1@@@AAE@ABQAVdgConstraint@@0PAV01@@Z 1000dbf0 f i Newton.obj
 0001:0000cc40       ??0dgRedBackNode@@QAE@QAV0@@Z 1000dc40 f i Newton.obj
 0001:0000cc70       ??_EdgRedBackNode@@UAEPAXI@Z 1000dc70 f i Newton.obj
 0001:0000cc70       ??_GdgRedBackNode@@UAEPAXI@Z 1000dc70 f i Newton.obj
 0001:0000ccb0       ??3dgRedBackNode@@SAXQAX@Z 1000dcb0 f i Newton.obj
 0001:0000ccd0       ??1dgRedBackNode@@UAE@XZ   1000dcd0 f i Newton.obj
 0001:0000ccf0       ?Initdata@dgRedBackNode@@QAEXQAV1@@Z 1000dcf0 f i Newton.obj
 0001:0000cd40       ?SetColor@dgRedBackNode@@QAEXW4REDBLACK_COLOR@1@@Z 1000dd40 f i Newton.obj
 0001:0000cd70       ?SetInTreeFlag@dgRedBackNode@@QAEXI@Z 1000dd70 f i Newton.obj
 0001:0000cda0       ??_EdgTreeNode@?$dgTree@PAVdgConstraint@@PAV1@@@EAEPAXI@Z 1000dda0 f i Newton.obj
 0001:0000cda0       ??_GdgTreeNode@?$dgTree@PAVdgConstraint@@PAV1@@@EAEPAXI@Z 1000dda0 f i Newton.obj
 0001:0000cde0       ??1dgTreeNode@?$dgTree@PAVdgConstraint@@PAV1@@@EAE@XZ 1000dde0 f i Newton.obj
 0001:0000ce10       ??2dgConstraint@@SAPAXIQAVdgMemoryAllocator@@@Z 1000de10 f i Newton.obj
 0001:0000ce30       ?IsCollidable@dgConstraint@@QBE_NXZ 1000de30 f i Newton.obj
 0001:0000ce50       ?SetCollidable@dgConstraint@@QAEX_N@Z 1000de50 f i Newton.obj
 0001:0000ce90       ?GetId@dgConstraint@@QBEIXZ 1000de90 f i Newton.obj
 0001:0000ceb0       ?GetBody0@dgConstraint@@QBEPAVdgBody@@XZ 1000deb0 f i Newton.obj
 0001:0000ced0       ?GetBody1@dgConstraint@@QBEPAVdgBody@@XZ 1000ded0 f i Newton.obj
 0001:0000cef0       ?SetCollisionCallback@dgContactMaterial@@QAEXP6A_NABV1@ABVdgBody@@1H@ZP6AXAAVdgContact@@MH@Z@Z 1000def0 f i Newton.obj
 0001:0000cf20       ?SetCompoundCollisionCallback@dgContactMaterial@@QAEXP6A_NABV1@ABVdgBody@@1H@Z@Z 1000df20 f i Newton.obj
 0001:0000cf40       ?GetUserData@dgContactMaterial@@QBEPAXXZ 1000df40 f i Newton.obj
 0001:0000cf60       ?SetUserData@dgContactMaterial@@QAEXQAX@Z 1000df60 f i Newton.obj
 0001:0000cf80       ?IsType@dgCollision@@QBEHW4RTTI@1@@Z 1000df80 f i Newton.obj
 0001:0000cfa0       ?GetOffsetMatrix@dgCollision@@QBEABVdgMatrix@@XZ 1000dfa0 f i Newton.obj
 0001:0000cfc0       ?SetUserDataID@dgCollision@@QBEIXZ 1000dfc0 f i Newton.obj
 0001:0000cfe0       ?SetUserDataID@dgCollision@@QAEXI@Z 1000dfe0 f i Newton.obj
 0001:0000d000       ?AddRef@dgCollision@@QAEPAV1@XZ 1000e000 f i Newton.obj
 0001:0000d030       ?GetRefCount@dgCollision@@QBEHXZ 1000e030 f i Newton.obj
 0001:0000d050       ?GetAllocator@dgCollision@@QBEPAVdgMemoryAllocator@@XZ 1000e050 f i Newton.obj
 0001:0000d070       ?dgGetUserLock@dgWorld@@QBEXXZ 1000e070 f i Newton.obj
 0001:0000d0a0       ?dgReleasedUserLock@dgWorld@@QBEXXZ 1000e0a0 f i Newton.obj
 0001:0000d0d0       ?GetAllocator@dgWorld@@QBEPAVdgMemoryAllocator@@XZ 1000e0d0 f i Newton.obj
 0001:0000d0f0       ?GetVertexCount@dgMeshEffect@@QBEHXZ 1000e0f0 f i Newton.obj
 0001:0000d110       ?GetPropertiesCount@dgMeshEffect@@QBEHXZ 1000e110 f i Newton.obj
 0001:0000d130       ?GetMaterialID@dgMeshEffect@@QAEHQAVdgIndexArray@1@H@Z 1000e130 f i Newton.obj
 0001:0000d150       ?GetMaterialIndexCount@dgMeshEffect@@QAEHQAVdgIndexArray@1@H@Z 1000e150 f i Newton.obj
 0001:0000d170       ?GetPropertiesStrideInByte@dgMeshEffect@@QBEHXZ 1000e170 f i Newton.obj
 0001:0000d190       ?GetAttributePool@dgMeshEffect@@QBEPANXZ 1000e190 f i Newton.obj
 0001:0000d1b0       ?GetNormalPool@dgMeshEffect@@QBEPANXZ 1000e1b0 f i Newton.obj
 0001:0000d1d0       ?GetUV0Pool@dgMeshEffect@@QBEPANXZ 1000e1d0 f i Newton.obj
 0001:0000d1f0       ?GetUV1Pool@dgMeshEffect@@QBEPANXZ 1000e1f0 f i Newton.obj
 0001:0000d210       ?GetVertexStrideInByte@dgMeshEffect@@QBEHXZ 1000e210 f i Newton.obj
 0001:0000d230       ?GetVertexPool@dgMeshEffect@@QBEPANXZ 1000e230 f i Newton.obj
 0001:0000d250       ?GetFirstLayer@dgMeshEffect@@QAEPAV1@XZ 1000e250 f i Newton.obj
 0001:0000d280       ?GetNextLayer@dgMeshEffect@@QAEPAV1@QAV1@@Z 1000e280 f i Newton.obj
 0001:0000d2c0       ?GetMainMesh@dgCollisionCompoundBreakable@@QBEPAVdgListNode@?$dgList@V?$dgGraphNode@VdgDebriNodeInfo@dgCollisionCompoundBreakable@@VdgSharedNodeMesh@2@@@@@XZ 1000e2c0 f i Newton.obj
 0001:0000d2e0       ?GetFirstComponentMesh@dgCollisionCompoundBreakable@@QBEPAVdgListNode@?$dgList@V?$dgGraphNode@VdgDebriNodeInfo@dgCollisionCompoundBreakable@@VdgSharedNodeMesh@2@@@@@XZ 1000e2e0 f i Newton.obj
 0001:0000d340       ?GetVertecCount@dgCollisionCompoundBreakable@@QBEHXZ 1000e340 f i Newton.obj
 0001:0000d360       ?GetVertexStreams@dgCollisionCompoundBreakable@@QBEXHPAMH0H0@Z 1000e360 f i Newton.obj
 0001:0000d3a0       ?GetNext@dgListNode@?$dgList@V?$dgGraphNode@VdgDebriNodeInfo@dgCollisionCompoundBreakable@@VdgSharedNodeMesh@2@@@@@QBEPAV12@XZ 1000e3a0 f i Newton.obj
 0001:0000d3c0       ??0?$dgTemplateVector@M@@QAE@MMMM@Z 1000e3c0 f i Newton.obj
 0001:0000d400       ??0?$dgTemplateVector@M@@QAE@PBM@Z 1000e400 f i Newton.obj
 0001:0000d450       ??0?$dgTemplateVector@M@@QAE@XZ 1000e450 f i Newton.obj
 0001:0000d470       ?Scale@?$dgTemplateVector@M@@QBE?AV1@M@Z 1000e470 f i Newton.obj
 0001:0000d4f0       ??A?$dgTemplateVector@M@@QAEAAMH@Z 1000e4f0 f i Newton.obj
 0001:0000d570       ??H?$dgTemplateVector@M@@QBE?AV0@ABV0@@Z 1000e570 f i Newton.obj
 0001:0000d5f0       ??G?$dgTemplateVector@M@@QBE?AV0@ABV0@@Z 1000e5f0 f i Newton.obj
 0001:0000d670       ??L?$dgTemplateVector@M@@QBEMABV0@@Z 1000e670 f i Newton.obj
 0001:0000d6c0       ??D?$dgTemplateVector@M@@QBE?AV0@ABV0@@Z 1000e6c0 f i Newton.obj
 0001:0000d770       ??0?$dgTemplateVector@N@@QAE@XZ 1000e770 f i Newton.obj
 0001:0000d790       ??$ClampValue@M@@YAMMMM@Z  1000e790 f i Newton.obj
 0001:0000d7d0       ?GetCount@?$dgList@V?$dgGraphNode@VdgDebriNodeInfo@dgCollisionCompoundBreakable@@VdgSharedNodeMesh@2@@@@@QBEHXZ 1000e7d0 f i Newton.obj
 0001:0000d7f0       ?GetLast@?$dgList@V?$dgGraphNode@VdgDebriNodeInfo@dgCollisionCompoundBreakable@@VdgSharedNodeMesh@2@@@@@QBEPAVdgListNode@1@XZ 1000e7f0 f i Newton.obj
 0001:0000d810       ?GetFirst@?$dgList@V?$dgGraphNode@VdgDebriNodeInfo@dgCollisionCompoundBreakable@@VdgSharedNodeMesh@2@@@@@QBEPAVdgListNode@1@XZ 1000e810 f i Newton.obj
 0001:0000d830       ?GetNext@dgListNode@?$dgList@VdgBodyMasterListCell@@@@QBEPAV12@XZ 1000e830 f i Newton.obj
 0001:0000d850       ?GetNext@dgListNode@?$dgList@VdgBodyMasterListRow@@@@QBEPAV12@XZ 1000e850 f i Newton.obj
 0001:0000d870       ?Unlink@dgListNode@?$dgList@VdgContactMaterial@@@@AAEXXZ 1000e870 f i Newton.obj
 0001:0000d900       ?GetNext@dgListNode@?$dgList@VdgContactMaterial@@@@QBEPAV12@XZ 1000e900 f i Newton.obj
 0001:0000d920       ?GetNext@dgListNode@?$dgList@VdgSubMesh@dgCollisionCompoundBreakable@@@@QBEPAV12@XZ 1000e920 f i Newton.obj
 0001:0000d940       ??0NewtonDeadBodies@@QAE@QAVdgMemoryAllocator@@@Z 1000e940 f   NewtonClass.obj
 0001:0000d980       ?DestroyBodies@NewtonDeadBodies@@QAEXAAVNewton@@@Z 1000e980 f   NewtonClass.obj
 0001:0000da00       ??0NewtonDeadJoints@@QAE@QAVdgMemoryAllocator@@@Z 1000ea00 f   NewtonClass.obj
 0001:0000da40       ?DestroyJoints@NewtonDeadJoints@@QAEXAAVNewton@@@Z 1000ea40 f   NewtonClass.obj
 0001:0000dac0       ?DefaultAllocMemory@Newton@@SAPAXH@Z 1000eac0 f   NewtonClass.obj
 0001:0000dae0       ?DefaultFreeMemory@Newton@@SAXPAXH@Z 1000eae0 f   NewtonClass.obj
 0001:0000db00       ??0Newton@@QAE@MQAVdgMemoryAllocator@@@Z 1000eb00 f   NewtonClass.obj
 0001:0000dbb0       ??1Newton@@UAE@XZ          1000ebb0 f   NewtonClass.obj
 0001:0000dc40       ?UpdatePhysics@Newton@@QAEXM@Z 1000ec40 f   NewtonClass.obj
 0001:0000dcd0       ?DestroyJoint@Newton@@QAEXPAVdgConstraint@@@Z 1000ecd0 f   NewtonClass.obj
 0001:0000dd30       ?DestroyBody@Newton@@QAEXPAVdgBody@@@Z 1000ed30 f   NewtonClass.obj
 0001:0000dd90       ??0NewtonUserJoint@@QAE@PAVdgWorld@@HP6AXQBUNewtonJoint@@MH@ZP6AX1QAUNewtonJointRecord@@@ZPAVdgBody@@5@Z 1000ed90 f   NewtonClass.obj
 0001:0000dee0       ??1NewtonUserJoint@@UAE@XZ 1000eee0 f   NewtonClass.obj
 0001:0000df40       ?JacobianDerivative@NewtonUserJoint@@UAEIAAVdgContraintDescritor@@@Z 1000ef40 f   NewtonClass.obj
 0001:0000dfa0       ?AddLinearRowJacobian@NewtonUserJoint@@QAEXABVdgVector@@00@Z 1000efa0 f   NewtonClass.obj
 0001:0000e0d0       ?AddAngularRowJacobian@NewtonUserJoint@@QAEXABVdgVector@@M@Z 1000f0d0 f   NewtonClass.obj
 0001:0000e220       ?AddGeneralRowJacobian@NewtonUserJoint@@QAEXPBM0@Z 1000f220 f   NewtonClass.obj
 0001:0000e360       ?SetAcceleration@NewtonUserJoint@@QAEXM@Z 1000f360 f   NewtonClass.obj
 0001:0000e3b0       ?SetSpringDamperAcceleration@NewtonUserJoint@@QAEXMM@Z 1000f3b0 f   NewtonClass.obj
 0001:0000e480       ?SetHighFriction@NewtonUserJoint@@QAEXM@Z 1000f480 f   NewtonClass.obj
 0001:0000e510       ?SetLowerFriction@NewtonUserJoint@@QAEXM@Z 1000f510 f   NewtonClass.obj
 0001:0000e5a0       ?SetRowStiffness@NewtonUserJoint@@QAEXM@Z 1000f5a0 f   NewtonClass.obj
 0001:0000e620       ?GetRowForce@NewtonUserJoint@@QBEMH@Z 1000f620 f   NewtonClass.obj
 0001:0000e660       ?GetInfo@NewtonUserJoint@@UBEXQAVdgConstraintInfo@@@Z 1000f660 f   NewtonClass.obj
 0001:0000e6b0       ?SetUpdateFeedbackFunction@NewtonUserJoint@@QAEXP6AXQBUNewtonJoint@@MH@Z@Z 1000f6b0 f   NewtonClass.obj
 0001:0000ea30       ??_ENewtonDeadBodies@@UAEPAXI@Z 1000fa30 f i NewtonClass.obj
 0001:0000ea30       ??_GNewtonDeadBodies@@UAEPAXI@Z 1000fa30 f i NewtonClass.obj
 0001:0000ea70       ??1NewtonDeadBodies@@UAE@XZ 1000fa70 f i NewtonClass.obj
 0001:0000ea90       ??_ENewtonDeadJoints@@UAEPAXI@Z 1000fa90 f i NewtonClass.obj
 0001:0000ea90       ??_GNewtonDeadJoints@@UAEPAXI@Z 1000fa90 f i NewtonClass.obj
 0001:0000ead0       ??1NewtonDeadJoints@@UAE@XZ 1000fad0 f i NewtonClass.obj
 0001:0000eaf0       ??_GNewton@@UAEPAXI@Z      1000faf0 f i NewtonClass.obj
 0001:0000eaf0       ??_ENewton@@UAEPAXI@Z      1000faf0 f i NewtonClass.obj
 0001:0000eb30       ??3Newton@@SAXQAX@Z        1000fb30 f i NewtonClass.obj
 0001:0000eb50       ??_ENewtonUserJoint@@UAEPAXI@Z 1000fb50 f i NewtonClass.obj
 0001:0000eb50       ??_GNewtonUserJoint@@UAEPAXI@Z 1000fb50 f i NewtonClass.obj
 0001:0000eb90       ??0dgPointParam@dgConstraint@@QAE@XZ 1000fb90 f i NewtonClass.obj
 0001:0000ec10       ??3?$dgTree@PAVdgBody@@PAX@@SAXQAX@Z 1000fc10 f i NewtonClass.obj
 0001:0000ec30       ??3?$dgTree@PAVdgConstraint@@PAX@@SAXQAX@Z 1000fc30 f i NewtonClass.obj
 0001:0000ec50       ??0Iterator@?$dgTree@PAVdgBody@@PAX@@QAE@ABV1@@Z 1000fc50 f i NewtonClass.obj
 0001:0000ec80       ??1Iterator@?$dgTree@PAVdgBody@@PAX@@QAE@XZ 1000fc80 f i NewtonClass.obj
 0001:0000ec90       ?Begin@Iterator@?$dgTree@PAVdgBody@@PAX@@QAEXXZ 1000fc90 f i NewtonClass.obj
 0001:0000ecc0       ??BIterator@?$dgTree@PAVdgBody@@PAX@@QBEHXZ 1000fcc0 f i NewtonClass.obj
 0001:0000ece0       ??EIterator@?$dgTree@PAVdgBody@@PAX@@QAEXH@Z 1000fce0 f i NewtonClass.obj
 0001:0000ed40       ?GetNode@Iterator@?$dgTree@PAVdgBody@@PAX@@QBEPAVdgTreeNode@2@XZ 1000fd40 f i NewtonClass.obj
 0001:0000ed60       ?GetInfo@dgTreeNode@?$dgTree@PAVdgBody@@PAX@@QAEAAPAVdgBody@@XZ 1000fd60 f i NewtonClass.obj
 0001:0000ed80       ??0Iterator@?$dgTree@PAVdgConstraint@@PAX@@QAE@ABV1@@Z 1000fd80 f i NewtonClass.obj
 0001:0000edb0       ??1Iterator@?$dgTree@PAVdgConstraint@@PAX@@QAE@XZ 1000fdb0 f i NewtonClass.obj
 0001:0000edc0       ?Begin@Iterator@?$dgTree@PAVdgConstraint@@PAX@@QAEXXZ 1000fdc0 f i NewtonClass.obj
 0001:0000edf0       ??BIterator@?$dgTree@PAVdgConstraint@@PAX@@QBEHXZ 1000fdf0 f i NewtonClass.obj
 0001:0000ee10       ??EIterator@?$dgTree@PAVdgConstraint@@PAX@@QAEXH@Z 1000fe10 f i NewtonClass.obj
 0001:0000ee70       ?GetNode@Iterator@?$dgTree@PAVdgConstraint@@PAX@@QBEPAVdgTreeNode@2@XZ 1000fe70 f i NewtonClass.obj
 0001:0000ee90       ?GetInfo@dgTreeNode@?$dgTree@PAVdgConstraint@@PAX@@QAEAAPAVdgConstraint@@XZ 1000fe90 f i NewtonClass.obj
 0001:0000eeb0       ??0?$dgTree@PAVdgBody@@PAX@@QAE@QAVdgMemoryAllocator@@@Z 1000feb0 f i NewtonClass.obj
 0001:0000ef00       ??1?$dgTree@PAVdgBody@@PAX@@UAE@XZ 1000ff00 f i NewtonClass.obj
 0001:0000ef30       ?Minimum@?$dgTree@PAVdgBody@@PAX@@QBEPAVdgTreeNode@1@XZ 1000ff30 f i NewtonClass.obj
 0001:0000ef70       ?Insert@?$dgTree@PAVdgBody@@PAX@@QAEPAVdgTreeNode@1@ABQAVdgBody@@PAX@Z 1000ff70 f i NewtonClass.obj
 0001:0000efc0       ?Remove@?$dgTree@PAVdgBody@@PAX@@QAEXQAVdgTreeNode@1@@Z 1000ffc0 f i NewtonClass.obj
 0001:0000f000       ??0?$dgTree@PAVdgConstraint@@PAX@@QAE@QAVdgMemoryAllocator@@@Z 10010000 f i NewtonClass.obj
 0001:0000f050       ??1?$dgTree@PAVdgConstraint@@PAX@@UAE@XZ 10010050 f i NewtonClass.obj
 0001:0000f080       ?Minimum@?$dgTree@PAVdgConstraint@@PAX@@QBEPAVdgTreeNode@1@XZ 10010080 f i NewtonClass.obj
 0001:0000f0c0       ?Insert@?$dgTree@PAVdgConstraint@@PAX@@QAEPAVdgTreeNode@1@ABQAVdgConstraint@@PAX@Z 100100c0 f i NewtonClass.obj
 0001:0000f110       ?Remove@?$dgTree@PAVdgConstraint@@PAX@@QAEXQAVdgTreeNode@1@@Z 10010110 f i NewtonClass.obj
 0001:0000f150       ??_E?$dgTree@PAVdgBody@@PAX@@UAEPAXI@Z 10010150 f i NewtonClass.obj
 0001:0000f150       ??_G?$dgTree@PAVdgBody@@PAX@@UAEPAXI@Z 10010150 f i NewtonClass.obj
 0001:0000f190       ??_E?$dgTree@PAVdgConstraint@@PAX@@UAEPAXI@Z 10010190 f i NewtonClass.obj
 0001:0000f190       ??_G?$dgTree@PAVdgConstraint@@PAX@@UAEPAXI@Z 10010190 f i NewtonClass.obj
 0001:0000f1d0       ?Insert@?$dgTree@PAVdgBody@@PAX@@QAEPAVdgTreeNode@1@ABQAVdgBody@@PAXAA_N@Z 100101d0 f i NewtonClass.obj
 0001:0000f450       ?RemoveAll@?$dgTree@PAVdgBody@@PAX@@QAEXXZ 10010450 f i NewtonClass.obj
 0001:0000f490       ?Insert@?$dgTree@PAVdgConstraint@@PAX@@QAEPAVdgTreeNode@1@ABQAVdgConstraint@@PAXAA_N@Z 10010490 f i NewtonClass.obj
 0001:0000f710       ?RemoveAll@?$dgTree@PAVdgConstraint@@PAX@@QAEXXZ 10010710 f i NewtonClass.obj
 0001:0000f750       ??0dgTreeNode@?$dgTree@PAVdgBody@@PAX@@AAE@ABQAVdgBody@@ABQAXPAV01@@Z 10010750 f i NewtonClass.obj
 0001:0000f7a0       ??_EdgTreeNode@?$dgTree@PAVdgBody@@PAX@@EAEPAXI@Z 100107a0 f i NewtonClass.obj
 0001:0000f7a0       ??_GdgTreeNode@?$dgTree@PAVdgBody@@PAX@@EAEPAXI@Z 100107a0 f i NewtonClass.obj
 0001:0000f7e0       ??1dgTreeNode@?$dgTree@PAVdgBody@@PAX@@EAE@XZ 100107e0 f i NewtonClass.obj
 0001:0000f810       ?GetLeft@dgTreeNode@?$dgTree@PAVdgBody@@PAX@@ABEPAV12@XZ 10010810 f i NewtonClass.obj
 0001:0000f830       ?GetRight@dgTreeNode@?$dgTree@PAVdgBody@@PAX@@ABEPAV12@XZ 10010830 f i NewtonClass.obj
 0001:0000f850       ??0dgTreeNode@?$dgTree@PAVdgConstraint@@PAX@@AAE@ABQAVdgConstraint@@ABQAXPAV01@@Z 10010850 f i NewtonClass.obj
 0001:0000f8a0       ??_GdgTreeNode@?$dgTree@PAVdgConstraint@@PAX@@EAEPAXI@Z 100108a0 f i NewtonClass.obj
 0001:0000f8a0       ??_EdgTreeNode@?$dgTree@PAVdgConstraint@@PAX@@EAEPAXI@Z 100108a0 f i NewtonClass.obj
 0001:0000f8e0       ??1dgTreeNode@?$dgTree@PAVdgConstraint@@PAX@@EAE@XZ 100108e0 f i NewtonClass.obj
 0001:0000f910       ?GetLeft@dgTreeNode@?$dgTree@PAVdgConstraint@@PAX@@ABEPAV12@XZ 10010910 f i NewtonClass.obj
 0001:0000f930       ?GetRight@dgTreeNode@?$dgTree@PAVdgConstraint@@PAX@@ABEPAV12@XZ 10010930 f i NewtonClass.obj
 0001:0000f950       ?CompareKeys@?$dgTree@PAVdgBody@@PAX@@ABEHABQAX0@Z 10010950 f i NewtonClass.obj
 0001:0000f990       ?CompareKeys@?$dgTree@PAVdgConstraint@@PAX@@ABEHABQAX0@Z 10010990 f i NewtonClass.obj
 0001:0000f9d0       ??_ENewton@@WCI@AEPAXI@Z   100109d0 f i NewtonClass.obj
 0001:0000f9e0       ??_ENewton@@WBNCA@AEPAXI@Z 100109e0 f i NewtonClass.obj
 0001:0000f9f0       ??_ENewton@@WBI@AEPAXI@Z   100109f0 f i NewtonClass.obj
 0001:0000fa00       ??_ENewton@@WDI@AEPAXI@Z   10010a00 f i NewtonClass.obj
 0001:0000fa10       ??_ENewton@@WBNDA@AEPAXI@Z 10010a10 f i NewtonClass.obj
 0001:0000fa20       ??3dgConstraint@@SAXQAX@Z  10010a20 f i NewtonClass.obj
 0001:0000fa40       ?SetUpdateFeedbackFunction@dgConstraint@@IAEXP6AXABV1@MH@Z@Z 10010a40 f i NewtonClass.obj
 0001:0000fa60       ??_H@YGXPAXIHP6EPAX0@Z@Z   10010a60 f i NewtonClass.obj
 0001:0000fa90       ?Init@dgBilateralConstraint@@MAEXXZ 10010a90 f i NewtonClass.obj
 0001:0000fad0       ?Remove@dgBilateralConstraint@@MAEXPAVdgWorld@@@Z 10010ad0 f i NewtonClass.obj
 0001:0000fb10       ?dgExpandTraceMessage@@YAXPBDZZ 10010b10 f   core:dgDebug.obj
 0001:0000fb70       ??0dgMemoryAllocator@@QAE@XZ 10010b70 f   core:dgMemory.obj
 0001:0000fbe0       ??0dgMemoryAllocator@@IAE@P6APAXI@ZP6AXQAXI@Z@Z 10010be0 f   core:dgMemory.obj
 0001:0000fc30       ??1dgMemoryAllocator@@QAE@XZ 10010c30 f   core:dgMemory.obj
 0001:0000fc80       ??2dgMemoryAllocator@@SAPAXI@Z 10010c80 f   core:dgMemory.obj
 0001:0000fca0       ??3dgMemoryAllocator@@SAXQAX@Z 10010ca0 f   core:dgMemory.obj
 0001:0000fcc0       ?GetMemoryUsed@dgMemoryAllocator@@QBEHXZ 10010cc0 f   core:dgMemory.obj
 0001:0000fce0       ?SetAllocatorsCallback@dgMemoryAllocator@@QAEXP6APAXI@ZP6AXQAXI@Z@Z 10010ce0 f   core:dgMemory.obj
 0001:0000fd00       ?MallocLow@dgMemoryAllocator@@QAEPAXHH@Z 10010d00 f   core:dgMemory.obj
 0001:0000fe00       ?FreeLow@dgMemoryAllocator@@QAEXQAX@Z 10010e00 f   core:dgMemory.obj
 0001:0000fe90       ?Malloc@dgMemoryAllocator@@QAEPAXH@Z 10010e90 f   core:dgMemory.obj
 0001:000100e0       ?Free@dgMemoryAllocator@@QAEXQAX@Z 100110e0 f   core:dgMemory.obj
 0001:00010340       ?dgSetGlobalAllocators@@YAXP6APAXI@ZP6AXQAXI@Z@Z 10011340 f   core:dgMemory.obj
 0001:00010360       ?dgGetMemoryUsed@@YAHXZ    10011360 f   core:dgMemory.obj
 0001:00010370       ?dgMallocStack@@YAPAXI@Z   10011370 f   core:dgMemory.obj
 0001:00010390       ?dgMallocAligned@@YAPAXIH@Z 10011390 f   core:dgMemory.obj
 0001:000103b0       ?dgFreeStack@@YAXQAX@Z     100113b0 f   core:dgMemory.obj
 0001:000103d0       ?dgMalloc@@YAPAXIQAVdgMemoryAllocator@@@Z 100113d0 f   core:dgMemory.obj
 0001:00010420       ?dgFree@@YAXQAX@Z          10011420 f   core:dgMemory.obj
 0001:00010480       ?SaveInfo@dgMemoryInfo@dgMemoryAllocator@@QAEXQAV2@QAXHAAHH@Z 10011480 f i core:dgMemory.obj
 0001:000104d0       ?GetMemoryUsed@dgGlobalAllocator@@QBEHXZ 100114d0 f i core:dgMemory.obj
 0001:00010520       ?GetInfo@dgListNode@?$dgList@PAVdgMemoryAllocator@@@@QAEAAPAVdgMemoryAllocator@@XZ 10011520 f i core:dgMemory.obj
 0001:00010540       ?GetNext@dgListNode@?$dgList@PAVdgMemoryAllocator@@@@QBEPAV12@XZ 10011540 f i core:dgMemory.obj
 0001:00010560       ?GetFirst@?$dgList@PAVdgMemoryAllocator@@@@QBEPAVdgListNode@1@XZ 10011560 f i core:dgMemory.obj
 0001:00010580       ?Append@?$dgList@PAVdgMemoryAllocator@@@@QAEPAVdgListNode@1@ABQAVdgMemoryAllocator@@@Z 10011580 f i core:dgMemory.obj
 0001:00010640       ?Remove@?$dgList@PAVdgMemoryAllocator@@@@QAEXABQAVdgMemoryAllocator@@@Z 10011640 f i core:dgMemory.obj
 0001:00010670       ??2dgListNode@?$dgList@PAVdgMemoryAllocator@@@@CAPAXIQAVdgMemoryAllocator@@@Z 10011670 f i core:dgMemory.obj
 0001:00010690       ??0dgListNode@?$dgList@PAVdgMemoryAllocator@@@@AAE@ABQAVdgMemoryAllocator@@QAV01@1@Z 10011690 f i core:dgMemory.obj
 0001:000106f0       ??_GdgListNode@?$dgList@PAVdgMemoryAllocator@@@@EAEPAXI@Z 100116f0 f i core:dgMemory.obj
 0001:000106f0       ??_EdgListNode@?$dgList@PAVdgMemoryAllocator@@@@EAEPAXI@Z 100116f0 f i core:dgMemory.obj
 0001:00010720       ??1dgListNode@?$dgList@PAVdgMemoryAllocator@@@@EAE@XZ 10011720 f i core:dgMemory.obj
 0001:00010740       ??3dgListNode@?$dgList@PAVdgMemoryAllocator@@@@CAXQAX@Z 10011740 f i core:dgMemory.obj
 0001:00010760       ?Find@?$dgList@PAVdgMemoryAllocator@@@@QBEPAVdgListNode@1@ABQAVdgMemoryAllocator@@@Z 10011760 f i core:dgMemory.obj
 0001:000107a0       ?Remove@?$dgList@PAVdgMemoryAllocator@@@@QAEXQAVdgListNode@1@@Z 100117a0 f i core:dgMemory.obj
 0001:000107f0       ?Unlink@?$dgList@PAVdgMemoryAllocator@@@@QAEXQAVdgListNode@1@@Z 100117f0 f i core:dgMemory.obj
 0001:000108a0       ?Unlink@dgListNode@?$dgList@PAVdgMemoryAllocator@@@@AAEXXZ 100118a0 f i core:dgMemory.obj
 0001:000108f0       ?GetPrev@dgListNode@?$dgList@PAVdgMemoryAllocator@@@@QBEPAV12@XZ 100118f0 f i core:dgMemory.obj
 0001:00010910       ?dgAtomicAdd@@YAHQAHH@Z    10011910 f i core:dgMemory.obj
 0001:00010930       ??0dgGlobalAllocator@@QAE@XZ 10011930 f i core:dgMemory.obj
 0001:00010990       ?__malloc__@dgGlobalAllocator@@SAPAXI@Z 10011990 f i core:dgMemory.obj
 0001:000109b0       ?__free__@dgGlobalAllocator@@SAXQAXI@Z 100119b0 f i core:dgMemory.obj
 0001:000109d0       ??_EdgGlobalAllocator@@UAEPAXI@Z 100119d0 f i core:dgMemory.obj
 0001:000109d0       ??_GdgGlobalAllocator@@UAEPAXI@Z 100119d0 f i core:dgMemory.obj
 0001:00010a00       ??1dgGlobalAllocator@@UAE@XZ 10011a00 f i core:dgMemory.obj
 0001:00010a60       ??3dgGlobalAllocator@@SAXQAX@Z 10011a60 f i core:dgMemory.obj
 0001:00010aa0       ??0?$dgList@PAVdgMemoryAllocator@@@@QAE@QAVdgMemoryAllocator@@@Z 10011aa0 f i core:dgMemory.obj
 0001:00010ae0       ??1?$dgList@PAVdgMemoryAllocator@@@@UAE@XZ 10011ae0 f i core:dgMemory.obj
 0001:00010b00       ?SetAllocator@?$dgList@PAVdgMemoryAllocator@@@@QAEXQAVdgMemoryAllocator@@@Z 10011b00 f i core:dgMemory.obj
 0001:00010b30       ?GetCount@?$dgList@PAVdgMemoryAllocator@@@@QBEHXZ 10011b30 f i core:dgMemory.obj
 0001:00010b50       ??_E?$dgList@PAVdgMemoryAllocator@@@@UAEPAXI@Z 10011b50 f i core:dgMemory.obj
 0001:00010b50       ??_G?$dgList@PAVdgMemoryAllocator@@@@UAEPAXI@Z 10011b50 f i core:dgMemory.obj
 0001:00010b80       ??3?$dgList@PAVdgMemoryAllocator@@@@SAXQAX@Z 10011b80 f i core:dgMemory.obj
 0001:00010ba0       ?RemoveAll@?$dgList@PAVdgMemoryAllocator@@@@QAEXXZ 10011ba0 f i core:dgMemory.obj
 0001:00010c60       ?dgGetIdentityMatrix@@YAABVdgMatrix@@XZ 10011c60 f   core:dgMatrix.obj
 0001:00010c70       ?dgGetZeroMatrix@@YAABVdgMatrix@@XZ 10011c70 f   core:dgMatrix.obj
 0001:00010c80       ??0dgMatrix@@QAE@ABVdgQuaternion@@ABVdgVector@@@Z 10011c80 f   core:dgMatrix.obj
 0001:00010f40       ??DdgMatrix@@QBE?AV0@ABV0@@Z 10011f40 f   core:dgMatrix.obj
 0001:00011da0       ?TransformTriplex@dgMatrix@@QBEXQAMHQBMHH@Z 10012da0 f   core:dgMatrix.obj
 0001:00011ec0       ?TransformTriplex@dgMatrix@@QBEXQANHQBNHH@Z 10012ec0 f   core:dgMatrix.obj
 0001:00011fe0       ?TransformTriplex@dgMatrix@@QBEXQANHQBMHH@Z 10012fe0 f   core:dgMatrix.obj
 0001:00012100       ?TransformBBox@dgMatrix@@QBEXABVdgVector@@0AAV2@1@Z 10013100 f   core:dgMatrix.obj
 0001:000125d0       ?Inverse4x4@dgMatrix@@QBE?AV1@XZ 100135d0 f   core:dgMatrix.obj
 0001:00012a90       ?Symetric3by3Inverse@dgMatrix@@QBE?AV1@XZ 10013a90 f   core:dgMatrix.obj
 0001:00013180       ?CalcPitchYawRoll@dgMatrix@@QBE?AVdgVector@@XZ 10014180 f   core:dgMatrix.obj
 0001:00013510       ?EigenVectors@dgMatrix@@QAEXAAVdgVector@@ABV1@@Z 10014510 f   core:dgMatrix.obj
 0001:00014230       ??AdgMatrix@@QBEABVdgVector@@H@Z 10015230 f i core:dgMatrix.obj
 0001:000142a0       ?asin@@YAMM@Z              100152a0 f i core:dgMatrix.obj
 0001:000142c0       _asinf                     100152c0 f i core:dgMatrix.obj
 0001:000142e0       ?atan2@@YAMMM@Z            100152e0 f i core:dgMatrix.obj
 0001:00014300       _atan2f                    10015300 f i core:dgMatrix.obj
 0001:00014330       ?Transpose4X4@dgMatrix@@QBE?AV1@XZ 10015330 f i core:dgMatrix.obj
 0001:00014430       ?Inverse@dgMatrix@@QBE?AV1@XZ 10015430 f i core:dgMatrix.obj
 0001:00014540       ??A?$dgTemplateVector@M@@QBEABMH@Z 10015540 f i core:dgMatrix.obj
 0001:000145b0       ??0dgPolyhedra@@QAE@QAVdgMemoryAllocator@@@Z 100155b0 f   core:dgPolyhedra.obj
 0001:00014600       ??0dgPolyhedra@@QAE@ABV0@@Z 10015600 f   core:dgPolyhedra.obj
 0001:000147b0       ??1dgPolyhedra@@UAE@XZ     100157b0 f   core:dgPolyhedra.obj
 0001:000147d0       ?GetFaceCount@dgPolyhedra@@QBEHXZ 100157d0 f   core:dgPolyhedra.obj
 0001:00014880       ?AddFace@dgPolyhedra@@QAEPAVdgEdge@@HQBHQB_J@Z 10015880 f   core:dgPolyhedra.obj
 0001:00014d70       ?EndFace@dgPolyhedra@@QAEXXZ 10015d70 f   core:dgPolyhedra.obj
 0001:00014fc0       ?DeleteFace@dgPolyhedra@@QAEXQAVdgEdge@@@Z 10015fc0 f   core:dgPolyhedra.obj
 0001:00015110       ?FaceNormal@dgPolyhedra@@QBE?AVdgBigVector@@QAVdgEdge@@QBNH@Z 10016110 f   core:dgPolyhedra.obj
 0001:00015280       ?AddHalfEdge@dgPolyhedra@@QAEPAVdgEdge@@HH@Z 10016280 f   core:dgPolyhedra.obj
 0001:00015310       ?DeleteEdge@dgPolyhedra@@QAEXQAVdgEdge@@@Z 10016310 f   core:dgPolyhedra.obj
 0001:00015400       ?SpliteEdge@dgPolyhedra@@QAEPAVdgEdge@@HQAV2@@Z 10016400 f   core:dgPolyhedra.obj
 0001:00015610       ?FlipEdge@dgPolyhedra@@QAE_NQAVdgEdge@@@Z 10016610 f   core:dgPolyhedra.obj
 0001:00015820       ?GetConectedSurface@dgPolyhedra@@QBE_NAAV1@@Z 10016820 f   core:dgPolyhedra.obj
 0001:00015ae0       ?ChangeEdgeIncidentVertex@dgPolyhedra@@QAEXQAVdgEdge@@H@Z 10016ae0 f   core:dgPolyhedra.obj
 0001:00015b90       ?DeleteDegenerateFaces@dgPolyhedra@@QAEXQBNHN@Z 10016b90 f   core:dgPolyhedra.obj
 0001:00015d20       ?EdgePenalty@dgPolyhedra@@ABENQBVdgBigVector@@QAVdgEdge@@@Z 10016d20 f   core:dgPolyhedra.obj
 0001:00016480       ?Optimize@dgPolyhedra@@QAEXQBNHN@Z 10017480 f   core:dgPolyhedra.obj
 0001:000179d0       ?FindEarTip@dgPolyhedra@@ABEPAVdgEdge@@QAV2@QBNHAAV?$dgDownHeap@PAVdgEdge@@N@@ABVdgBigVector@@@Z 100189d0 f   core:dgPolyhedra.obj
 0001:00017f10       ?TriangulateFace@dgPolyhedra@@AAEPAVdgEdge@@PAV2@QBNHAAV?$dgDownHeap@PAVdgEdge@@N@@QAVdgBigVector@@@Z 10018f10 f   core:dgPolyhedra.obj
 0001:00018320       ?MarkAdjacentCoplanarFaces@dgPolyhedra@@AAEXAAV1@QAVdgEdge@@QBNH@Z 10019320 f   core:dgPolyhedra.obj
 0001:00018a20       ?RefineTriangulation@dgPolyhedra@@AAEXQBNHQAVdgBigVector@@HQAPAVdgEdge@@@Z 10019a20 f   core:dgPolyhedra.obj
 0001:000195a0       ?RefineTriangulation@dgPolyhedra@@AAEXQBNH@Z 1001a5a0 f   core:dgPolyhedra.obj
 0001:00019750       ?OptimizeTriangulation@dgPolyhedra@@AAEXQBNH@Z 1001a750 f   core:dgPolyhedra.obj
 0001:00019a30       ?Triangulate@dgPolyhedra@@QAEXQBNHQAV1@@Z 1001aa30 f   core:dgPolyhedra.obj
 0001:00019d60       ?ConvexPartition@dgPolyhedra@@QAEXQBNHQAV1@@Z 1001ad60 f   core:dgPolyhedra.obj
 0001:0001b0e0       ?CalculateSphere@dgPolyhedra@@QBE?AVdgSphere@@QBNHQBVdgMatrix@@@Z 1001c0e0 f   core:dgPolyhedra.obj
 0001:0001ba60       ??_GdgPolyhedra@@UAEPAXI@Z 1001ca60 f i core:dgPolyhedra.obj
 0001:0001ba60       ??_EdgPolyhedra@@UAEPAXI@Z 1001ca60 f i core:dgPolyhedra.obj
 0001:0001ba90       ?BeginFace@dgPolyhedra@@QAEXXZ 1001ca90 f i core:dgPolyhedra.obj
 0001:0001baa0       ?FindEdge@dgPolyhedra@@QBEPAVdgEdge@@HH@Z 1001caa0 f i core:dgPolyhedra.obj
 0001:0001bae0       ?FindEdgeNode@dgPolyhedra@@QBEPAVdgTreeNode@?$dgTree@VdgEdge@@_J@@HH@Z 1001cae0 f i core:dgPolyhedra.obj
 0001:0001bb20       ??0dgPairKey@dgPolyhedra@@QAE@HH@Z 1001cb20 f i core:dgPolyhedra.obj
 0001:0001bb60       ?GetVal@dgPairKey@dgPolyhedra@@QBE_JXZ 1001cb60 f i core:dgPolyhedra.obj
 0001:0001bb80       ??0dgEdge@@QAE@HH_K@Z      1001cb80 f i core:dgPolyhedra.obj
 0001:0001bbe0       ??0dgBigVector@@QAE@ABV?$dgTemplateVector@N@@@Z 1001cbe0 f i core:dgPolyhedra.obj
 0001:0001bd30       ??0dgBigVector@@QAE@PBN@Z  1001cd30 f i core:dgPolyhedra.obj
 0001:0001be80       ??0dgBigVector@@QAE@NNNN@Z 1001ce80 f i core:dgPolyhedra.obj
 0001:0001bff0       ??0dgVector@@QAE@ABVdgBigVector@@@Z 1001cff0 f i core:dgPolyhedra.obj
 0001:0001c170       ?GetEdgeCount@dgPolyhedra@@QBEHXZ 1001d170 f i core:dgPolyhedra.obj
 0001:0001c200       ?GetLastVertexIndex@dgPolyhedra@@QBEHXZ 1001d200 f i core:dgPolyhedra.obj
 0001:0001c280       ??0dgEdgeCollapseEdgeHandle@@QAE@QAVdgEdge@@@Z 1001d280 f i core:dgPolyhedra.obj
 0001:0001c2b0       ??1dgEdgeCollapseEdgeHandle@@QAE@XZ 1001d2b0 f i core:dgPolyhedra.obj
 0001:0001c300       ?Evalue@dgVertexCollapseVertexMetric@@QBENABVdgVector@@@Z 1001d300 f i core:dgPolyhedra.obj
 0001:0001c3d0       ??0dgVertexCollapseVertexMetric@@QAE@ABVdgBigPlane@@@Z 1001d3d0 f i core:dgPolyhedra.obj
 0001:0001c4c0       ?Accumulate@dgVertexCollapseVertexMetric@@QAEXABV1@@Z 1001d4c0 f i core:dgPolyhedra.obj
 0001:0001c580       ??0dgBigPlane@@QAE@ABVdgBigVector@@00@Z 1001d580 f i core:dgPolyhedra.obj
 0001:0001c5e0       ??0dgBigPlane@@QAE@ABVdgBigVector@@N@Z 1001d5e0 f i core:dgPolyhedra.obj
 0001:0001c610       ?Clear@dgVertexCollapseVertexMetric@@QAEXXZ 1001d610 f i core:dgPolyhedra.obj
 0001:0001c630       ?Accumulate@dgVertexCollapseVertexMetric@@QAEXABVdgBigPlane@@@Z 1001d630 f i core:dgPolyhedra.obj
 0001:0001c750       ??1?$dgDownHeap@PAVdgListNode@?$dgList@UdgEdgeCollapseEdgeHandle@@@@N@@QAE@XZ 1001d750 f i core:dgPolyhedra.obj
 0001:0001c770       ?Evalue@dgBigPlane@@QBENABVdgBigVector@@@Z 1001d770 f i core:dgPolyhedra.obj
 0001:0001c7b0       ?AddFace@dgPolyhedra@@QAEPAVdgEdge@@HQBH@Z 1001d7b0 f i core:dgPolyhedra.obj
 0001:0001c7d0       ??0dgBigVector@@QAE@ABVdgVector@@@Z 1001d7d0 f i core:dgPolyhedra.obj
 0001:0001c940       ??0dgDiagonalEdge@@QAE@QAVdgEdge@@@Z 1001d940 f i core:dgPolyhedra.obj
 0001:0001c970       ??1?$dgDownHeap@PAVdgEdge@@N@@QAE@XZ 1001d970 f i core:dgPolyhedra.obj
 0001:0001c990       ??3?$dgTree@VdgEdge@@_J@@SAXQAX@Z 1001d990 f i core:dgPolyhedra.obj
 0001:0001c9b0       ??0Iterator@?$dgTree@VdgEdge@@_J@@QAE@ABV1@@Z 1001d9b0 f i core:dgPolyhedra.obj
 0001:0001c9e0       ??1Iterator@?$dgTree@VdgEdge@@_J@@QAE@XZ 1001d9e0 f i core:dgPolyhedra.obj
 0001:0001c9f0       ?Begin@Iterator@?$dgTree@VdgEdge@@_J@@QAEXXZ 1001d9f0 f i core:dgPolyhedra.obj
 0001:0001ca10       ??BIterator@?$dgTree@VdgEdge@@_J@@QBEHXZ 1001da10 f i core:dgPolyhedra.obj
 0001:0001ca30       ??EIterator@?$dgTree@VdgEdge@@_J@@QAEXH@Z 1001da30 f i core:dgPolyhedra.obj
 0001:0001ca80       ??DIterator@?$dgTree@VdgEdge@@_J@@QBEAAVdgEdge@@XZ 1001da80 f i core:dgPolyhedra.obj
 0001:0001caa0       ?GetNode@Iterator@?$dgTree@VdgEdge@@_J@@QBEPAVdgTreeNode@2@XZ 1001daa0 f i core:dgPolyhedra.obj
 0001:0001cab0       ?GetInfo@dgTreeNode@?$dgTree@VdgEdge@@_J@@QAEAAVdgEdge@@XZ 1001dab0 f i core:dgPolyhedra.obj
 0001:0001cad0       ?GetInfo@dgListNode@?$dgList@UdgEdgeCollapseEdgeHandle@@@@QAEAAUdgEdgeCollapseEdgeHandle@@XZ 1001dad0 f i core:dgPolyhedra.obj
 0001:0001caf0       ?GetInfo@dgListNode@?$dgList@VdgDiagonalEdge@@@@QAEAAVdgDiagonalEdge@@XZ 1001daf0 f i core:dgPolyhedra.obj
 0001:0001cb10       ?GetNext@dgListNode@?$dgList@VdgDiagonalEdge@@@@QBEPAV12@XZ 1001db10 f i core:dgPolyhedra.obj
 0001:0001cb30       ??0?$dgTemplateVector@N@@QAE@NNNN@Z 1001db30 f i core:dgPolyhedra.obj
 0001:0001cb70       ??0?$dgTemplateVector@N@@QAE@PBN@Z 1001db70 f i core:dgPolyhedra.obj
 0001:0001cbb0       ?Scale@?$dgTemplateVector@N@@QBE?AV1@N@Z 1001dbb0 f i core:dgPolyhedra.obj
 0001:0001cc00       ??A?$dgTemplateVector@N@@QAEAANH@Z 1001dc00 f i core:dgPolyhedra.obj
 0001:0001cc70       ??G?$dgTemplateVector@N@@QBE?AV0@ABV0@@Z 1001dc70 f i core:dgPolyhedra.obj
 0001:0001ccd0       ??Y?$dgTemplateVector@N@@QAEAAV0@ABV0@@Z 1001dcd0 f i core:dgPolyhedra.obj
 0001:0001cd20       ??L?$dgTemplateVector@N@@QBENABV0@@Z 1001dd20 f i core:dgPolyhedra.obj
 0001:0001cd60       ??D?$dgTemplateVector@N@@QBE?AV0@ABV0@@Z 1001dd60 f i core:dgPolyhedra.obj
 0001:0001cde0       ??0?$dgTree@VdgEdge@@_J@@QAE@QAVdgMemoryAllocator@@@Z 1001dde0 f i core:dgPolyhedra.obj
 0001:0001ce20       ??1?$dgTree@VdgEdge@@_J@@UAE@XZ 1001de20 f i core:dgPolyhedra.obj
 0001:0001ce40       ?GetCount@?$dgTree@VdgEdge@@_J@@QBEHXZ 1001de40 f i core:dgPolyhedra.obj
 0001:0001ce60       ?GetRoot@?$dgTree@VdgEdge@@_J@@QBEPAVdgTreeNode@1@XZ 1001de60 f i core:dgPolyhedra.obj
 0001:0001ce80       ?Minimum@?$dgTree@VdgEdge@@_J@@QBEPAVdgTreeNode@1@XZ 1001de80 f i core:dgPolyhedra.obj
 0001:0001ceb0       ?Find@?$dgTree@VdgEdge@@_J@@QBEPAVdgTreeNode@1@_J@Z 1001deb0 f i core:dgPolyhedra.obj
 0001:0001d000       ?GetNodeFromInfo@?$dgTree@VdgEdge@@_J@@QBEPAVdgTreeNode@1@AAVdgEdge@@@Z 1001e000 f i core:dgPolyhedra.obj
 0001:0001d0a0       ?IsInTree@dgRedBackNode@@QBEIXZ 1001e0a0 f i core:dgPolyhedra.obj
 0001:0001d0c0       ?Insert@?$dgTree@VdgEdge@@_J@@QAEPAVdgTreeNode@1@ABVdgEdge@@_J@Z 1001e0c0 f i core:dgPolyhedra.obj
 0001:0001d100       ?Insert@?$dgTree@VdgEdge@@_J@@QAEPAVdgTreeNode@1@ABVdgEdge@@_JAA_N@Z 1001e100 f i core:dgPolyhedra.obj
 0001:0001d320       ?ReplaceKey@?$dgTree@VdgEdge@@_J@@QAEPAVdgTreeNode@1@QAV21@_J@Z 1001e320 f i core:dgPolyhedra.obj
 0001:0001d380       ?Remove@?$dgTree@VdgEdge@@_J@@QAEXQAVdgTreeNode@1@@Z 1001e380 f i core:dgPolyhedra.obj
 0001:0001d3c0       ?SwapInfo@?$dgTree@VdgEdge@@_J@@QAEXAAV1@@Z 1001e3c0 f i core:dgPolyhedra.obj
 0001:0001d400       ??0?$dgStack@H@@QAE@H@Z    1001e400 f i core:dgPolyhedra.obj
 0001:0001d430       ??1?$dgStack@H@@QAE@XZ     1001e430 f i core:dgPolyhedra.obj
 0001:0001d450       ??A?$dgStack@H@@QAEAAHH@Z  1001e450 f i core:dgPolyhedra.obj
 0001:0001d4d0       ??0?$dgStack@_K@@QAE@H@Z   1001e4d0 f i core:dgPolyhedra.obj
 0001:0001d500       ??1?$dgStack@_K@@QAE@XZ    1001e500 f i core:dgPolyhedra.obj
 0001:0001d520       ??A?$dgStack@_K@@QAEAA_KH@Z 1001e520 f i core:dgPolyhedra.obj
 0001:0001d5a0       ??0?$dgStack@PAVdgEdge@@@@QAE@H@Z 1001e5a0 f i core:dgPolyhedra.obj
 0001:0001d5d0       ??1?$dgStack@PAVdgEdge@@@@QAE@XZ 1001e5d0 f i core:dgPolyhedra.obj
 0001:0001d5f0       ??A?$dgStack@PAVdgEdge@@@@QAEAAPAVdgEdge@@H@Z 1001e5f0 f i core:dgPolyhedra.obj
 0001:0001d670       ??0?$dgStack@PAVdgTreeNode@?$dgTree@VdgEdge@@_J@@@@QAE@H@Z 1001e670 f i core:dgPolyhedra.obj
 0001:0001d6a0       ??1?$dgStack@PAVdgTreeNode@?$dgTree@VdgEdge@@_J@@@@QAE@XZ 1001e6a0 f i core:dgPolyhedra.obj
 0001:0001d6c0       ??A?$dgStack@PAVdgTreeNode@?$dgTree@VdgEdge@@_J@@@@QAEAAPAVdgTreeNode@?$dgTree@VdgEdge@@_J@@H@Z 1001e6c0 f i core:dgPolyhedra.obj
 0001:0001d740       ??$GetMax@N@@YANNNN@Z      1001e740 f i core:dgPolyhedra.obj
 0001:0001d780       ??$GetMin@N@@YANNNN@Z      1001e780 f i core:dgPolyhedra.obj
 0001:0001d7c0       ??0?$dgList@UdgEdgeCollapseEdgeHandle@@@@QAE@QAVdgMemoryAllocator@@@Z 1001e7c0 f i core:dgPolyhedra.obj
 0001:0001d800       ??1?$dgList@UdgEdgeCollapseEdgeHandle@@@@UAE@XZ 1001e800 f i core:dgPolyhedra.obj
 0001:0001d820       ?Addtop@?$dgList@UdgEdgeCollapseEdgeHandle@@@@QAEPAVdgListNode@1@ABUdgEdgeCollapseEdgeHandle@@@Z 1001e820 f i core:dgPolyhedra.obj
 0001:0001d8e0       ?Remove@?$dgList@UdgEdgeCollapseEdgeHandle@@@@QAEXQAVdgListNode@1@@Z 1001e8e0 f i core:dgPolyhedra.obj
 0001:0001d930       ??0?$dgStack@VdgVertexCollapseVertexMetric@@@@QAE@H@Z 1001e930 f i core:dgPolyhedra.obj
 0001:0001d960       ??1?$dgStack@VdgVertexCollapseVertexMetric@@@@QAE@XZ 1001e960 f i core:dgPolyhedra.obj
 0001:0001d980       ??A?$dgStack@VdgVertexCollapseVertexMetric@@@@QAEAAVdgVertexCollapseVertexMetric@@H@Z 1001e980 f i core:dgPolyhedra.obj
 0001:0001da00       ??0?$dgStack@D@@QAE@H@Z    1001ea00 f i core:dgPolyhedra.obj
 0001:0001da30       ??1?$dgStack@D@@QAE@XZ     1001ea30 f i core:dgPolyhedra.obj
 0001:0001da50       ?GetSizeInBytes@?$dgStack@D@@QBEHXZ 1001ea50 f i core:dgPolyhedra.obj
 0001:0001da70       ??A?$dgStack@D@@QAEAADH@Z  1001ea70 f i core:dgPolyhedra.obj
 0001:0001daf0       ??1?$dgHeapBase@PAVdgListNode@?$dgList@UdgEdgeCollapseEdgeHandle@@@@N@@IAE@XZ 1001eaf0 f i core:dgPolyhedra.obj
 0001:0001db20       ?GetCount@?$dgHeapBase@PAVdgListNode@?$dgList@UdgEdgeCollapseEdgeHandle@@@@N@@QBEHXZ 1001eb20 f i core:dgPolyhedra.obj
 0001:0001db30       ??A?$dgHeapBase@PAVdgListNode@?$dgList@UdgEdgeCollapseEdgeHandle@@@@N@@QBEABQAVdgListNode@?$dgList@UdgEdgeCollapseEdgeHandle@@@@H@Z 1001eb30 f i core:dgPolyhedra.obj
 0001:0001db80       ??0?$dgDownHeap@PAVdgListNode@?$dgList@UdgEdgeCollapseEdgeHandle@@@@N@@QAE@QBXH@Z 1001eb80 f i core:dgPolyhedra.obj
 0001:0001dba0       ?Pop@?$dgDownHeap@PAVdgListNode@?$dgList@UdgEdgeCollapseEdgeHandle@@@@N@@QAEXXZ 1001eba0 f i core:dgPolyhedra.obj
 0001:0001dcd0       ?Push@?$dgDownHeap@PAVdgListNode@?$dgList@UdgEdgeCollapseEdgeHandle@@@@N@@QAEXAAPAVdgListNode@?$dgList@UdgEdgeCollapseEdgeHandle@@@@N@Z 1001ecd0 f i core:dgPolyhedra.obj
 0001:0001de00       ??1?$dgHeapBase@PAVdgEdge@@N@@IAE@XZ 1001ee00 f i core:dgPolyhedra.obj
 0001:0001de30       ?Flush@?$dgHeapBase@PAVdgEdge@@N@@QAEXXZ 1001ee30 f i core:dgPolyhedra.obj
 0001:0001de50       ?GetCount@?$dgHeapBase@PAVdgEdge@@N@@QBEHXZ 1001ee50 f i core:dgPolyhedra.obj
 0001:0001de60       ??A?$dgHeapBase@PAVdgEdge@@N@@QBEABQAVdgEdge@@H@Z 1001ee60 f i core:dgPolyhedra.obj
 0001:0001deb0       ??0?$dgDownHeap@PAVdgEdge@@N@@QAE@QBXH@Z 1001eeb0 f i core:dgPolyhedra.obj
 0001:0001ded0       ?Pop@?$dgDownHeap@PAVdgEdge@@N@@QAEXXZ 1001eed0 f i core:dgPolyhedra.obj
 0001:0001e000       ?Push@?$dgDownHeap@PAVdgEdge@@N@@QAEXAAPAVdgEdge@@N@Z 1001f000 f i core:dgPolyhedra.obj
 0001:0001e130       ??0?$dgList@VdgDiagonalEdge@@@@QAE@QAVdgMemoryAllocator@@@Z 1001f130 f i core:dgPolyhedra.obj
 0001:0001e170       ??1?$dgList@VdgDiagonalEdge@@@@UAE@XZ 1001f170 f i core:dgPolyhedra.obj
 0001:0001e190       ?GetCount@?$dgList@VdgDiagonalEdge@@@@QBEHXZ 1001f190 f i core:dgPolyhedra.obj
 0001:0001e1b0       ?GetFirst@?$dgList@VdgDiagonalEdge@@@@QBEPAVdgListNode@1@XZ 1001f1b0 f i core:dgPolyhedra.obj
 0001:0001e1d0       ?Append@?$dgList@VdgDiagonalEdge@@@@QAEPAVdgListNode@1@ABVdgDiagonalEdge@@@Z 1001f1d0 f i core:dgPolyhedra.obj
 0001:0001e290       ?Remove@?$dgList@VdgDiagonalEdge@@@@QAEXQAVdgListNode@1@@Z 1001f290 f i core:dgPolyhedra.obj
 0001:0001e2e0       ??_G?$dgTree@VdgEdge@@_J@@UAEPAXI@Z 1001f2e0 f i core:dgPolyhedra.obj
 0001:0001e2e0       ??_E?$dgTree@VdgEdge@@_J@@UAEPAXI@Z 1001f2e0 f i core:dgPolyhedra.obj
 0001:0001e310       ??_E?$dgList@UdgEdgeCollapseEdgeHandle@@@@UAEPAXI@Z 1001f310 f i core:dgPolyhedra.obj
 0001:0001e310       ??_G?$dgList@UdgEdgeCollapseEdgeHandle@@@@UAEPAXI@Z 1001f310 f i core:dgPolyhedra.obj
 0001:0001e340       ??_E?$dgList@VdgDiagonalEdge@@@@UAEPAXI@Z 1001f340 f i core:dgPolyhedra.obj
 0001:0001e340       ??_G?$dgList@VdgDiagonalEdge@@@@UAEPAXI@Z 1001f340 f i core:dgPolyhedra.obj
 0001:0001e370       ??0dgTreeNode@?$dgTree@VdgEdge@@_J@@AAE@ABVdgEdge@@AB_JPAV01@@Z 1001f370 f i core:dgPolyhedra.obj
 0001:0001e3c0       ??_GdgTreeNode@?$dgTree@VdgEdge@@_J@@EAEPAXI@Z 1001f3c0 f i core:dgPolyhedra.obj
 0001:0001e3c0       ??_EdgTreeNode@?$dgTree@VdgEdge@@_J@@EAEPAXI@Z 1001f3c0 f i core:dgPolyhedra.obj
 0001:0001e3f0       ??1dgTreeNode@?$dgTree@VdgEdge@@_J@@EAE@XZ 1001f3f0 f i core:dgPolyhedra.obj
 0001:0001e410       ?GetLeft@dgTreeNode@?$dgTree@VdgEdge@@_J@@ABEPAV12@XZ 1001f410 f i core:dgPolyhedra.obj
 0001:0001e430       ?GetRight@dgTreeNode@?$dgTree@VdgEdge@@_J@@ABEPAV12@XZ 1001f430 f i core:dgPolyhedra.obj
 0001:0001e450       ??3?$dgList@UdgEdgeCollapseEdgeHandle@@@@SAXQAX@Z 1001f450 f i core:dgPolyhedra.obj
[...]
 0002:0001b564       ??_C@_0N@MDOCIACE@?$CFf?5?$CFf?5?$CFf?5?$CFf?6?$AA@ 1014c564     physics:dgMeshEffectSolidTree.obj
 0002:0001b574       ??_7?$dgList@VdgHugeVector@@@@6B@ 1014c574     physics:dgMeshEffectSolidTree.obj
 0002:0001b578       ??_7dgListNode@?$dgList@VdgHugeVector@@@@6B@ 1014c578     physics:dgMeshEffectSolidTree.obj
 0002:0001b57c       __pRawDllMain              1014c57c     MSVCRTD:crtdll.obj
 0002:0001b57c       __pDefaultRawDllMain       1014c57c     MSVCRTD:crtdll.obj
 0002:0001b580       ??_C@_0DA@FJPPCPEH@f?3?2dd?2vctools?2crt_bld?2self_x86?2c@ 1014c580     MSVCRTD:crtdll.obj
 0002:0001b5b0       ?ProcessDetach@NativeDll@<CrtImplementationDetails>@@0IB 1014c5b0     MSVCRTD:tncleanup.obj
 0002:0001b5b4       ?ProcessAttach@NativeDll@<CrtImplementationDetails>@@0IB 1014c5b4     MSVCRTD:tncleanup.obj
 0002:0001b5b8       ?ThreadAttach@NativeDll@<CrtImplementationDetails>@@0IB 1014c5b8     MSVCRTD:tncleanup.obj
 0002:0001b5bc       ?ThreadDetach@NativeDll@<CrtImplementationDetails>@@0IB 1014c5bc     MSVCRTD:tncleanup.obj
 0002:0001b5c0       ?ProcessVerifier@NativeDll@<CrtImplementationDetails>@@0IB 1014c5c0     MSVCRTD:tncleanup.obj
 0002:0001c0a0       __real@3f1a36e2eb1c432d    1014d0a0     core:dgTypes.obj
 0002:0001c0a8       __real@3f50624dd2f1a9fc    1014d0a8     core:dgTypes.obj
 0002:0001d400       __real@bf91eb8520000000    1014e400     core:dgIntersections.obj
 0002:0001d408       __real@bf847ae160000000    1014e408     core:dgIntersections.obj
 0002:000206b0       __real@3e70000000000000    101516b0     core:dgConvexHull3d.obj
 0002:000206b8       ??_7dgConvexHull3d@@6B@    101516b8     core:dgConvexHull3d.obj
 0002:000206c8       __real@c415af1d80000000    101516c8     core:dgConvexHull3d.obj
 0002:000206d0       __real@46293e5940000000    101516d0     core:dgConvexHull3d.obj
 0002:000206d8       __real@c6293e5940000000    101516d8     core:dgConvexHull3d.obj
 0002:000206e0       __real@3ff3333340000000    101516e0     core:dgConvexHull3d.obj
 0002:000206e8       __real@c6293e5939a08cea    101516e8     core:dgConvexHull3d.obj
 0002:000206f0       __real@4415af1d78b58c40    101516f0     core:dgConvexHull3d.obj
 0002:000206f8       __real@c415af1d78b58c40    101516f8     core:dgConvexHull3d.obj
 0002:00020700       ??_7?$dgList@VdgConvexHull3DFace@@@@6B@ 10151700     core:dgConvexHull3d.obj
 0002:00020704       ??_7?$dgList@PAVdgListNode@?$dgList@VdgConvexHull3DFace@@@@@@6B@ 10151704     core:dgConvexHull3d.obj
 0002:00020708       ??_7dgListNode@?$dgList@VdgConvexHull3DFace@@@@6B@ 10151708     core:dgConvexHull3d.obj
 0002:0002070c       ??_7dgListNode@?$dgList@PAVdgListNode@?$dgList@VdgConvexHull3DFace@@@@@@6B@ 1015170c     core:dgConvexHull3d.obj
 0002:0002164c       ??_7dgAABBPolygonSoup@@6B@ 1015264c     core:dgAABBPolygonSoup.obj
 0002:00021670       ??_7dgPolygonSoupDatabase@@6B@ 10152670     core:dgAABBPolygonSoup.obj
 0002:00021690       ??_C@_1OK@CDHNOAJN@?$AAd?$AA?3?$AA?2?$AAp?$AAr?$AAo?$AAj?$AAe?$AAc?$AAt?$AAs?$AA?2?$AAw?$AAo?$AAr?$AAk?$AAs?$AAp?$AAa?$AAc?$AAe?$AA?2?$AAa?$AAr?$AAk?$AAa?$AAn?$AAo?$AAi?$AAd?$AA?2?$AAa@ 10152690     core:dgAABBPolygonSoup.obj
 0002:00021780       ??_C@_1FG@ODIDOBJF@?$AA?4?$AA?4?$AA?2?$AA?4?$AA?4?$AA?2?$AA?4?$AA?4?$AA?2?$AAs?$AAo?$AAu?$AAr?$AAc?$AAe?$AA?2?$AAc?$AAo?$AAr?$AAe?$AA?2?$AAd?$AAg?$AAA?$AAA?$AAB?$AAB?$AAP?$AAo?$AAl?$AAy?$AAg@ 10152780     core:dgAABBPolygonSoup.obj
 0002:000217d8       ??_C@_1CO@HMALHHAP@?$AAs?$AAt?$AAa?$AAc?$AAk?$AA?5?$AA?$DM?$AA?5?$AAD?$AAG?$AA_?$AAS?$AAT?$AAA?$AAC?$AAK?$AA_?$AAD?$AAE?$AAP?$AAT?$AAH?$AA?$AA@ 101527d8     core:dgAABBPolygonSoup.obj
 0002:00021808       ??_C@_1BC@OJBNIDIN@?$AAI?$AAs?$AAL?$AAe?$AAa?$AAf?$AA?$CI?$AA?$CJ?$AA?$AA@ 10152808     core:dgAABBPolygonSoup.obj
 0002:00021820       ??_C@_1FE@KMMFBGNP@?$AAf?$AAa?$AAc?$AAe?$AAI?$AAn?$AAd?$AAe?$AAx?$AAC?$AAo?$AAu?$AAn?$AAt?$AA?5?$AA?$DM?$AA?5?$AA?$CI?$AA1?$AA?$DM?$AA?$DM?$AAD?$AAG?$AA_?$AAI?$AAN?$AAD?$AAE?$AAX?$AA_?$AAC?$AAO@ 10152820     core:dgAABBPolygonSoup.obj
 0002:00021874       ??_C@_1BE@POEILMAA@?$AA?$CB?$AAI?$AAs?$AAL?$AAe?$AAa?$AAf?$AA?$CI?$AA?$CJ?$AA?$AA@ 10152874     core:dgAABBPolygonSoup.obj
 0002:00021888       ??_C@_1BM@DPKHLAAF@?$AAn?$AAo?$AAd?$AAe?$AA?9?$AA?$DO?$AAm?$AA_?$AAf?$AAr?$AAo?$AAn?$AAt?$AA?$AA@ 10152888     core:dgAABBPolygonSoup.obj
 0002:000218a4       ??_C@_1BK@PBKBOMFA@?$AAn?$AAo?$AAd?$AAe?$AA?9?$AA?$DO?$AAm?$AA_?$AAb?$AAa?$AAc?$AAk?$AA?$AA@ 101528a4     core:dgAABBPolygonSoup.obj
 0002:000218c0       ??_C@_1EI@NIFIKEE@?$AAp?$AAa?$AAr?$AAe?$AAn?$AAt?$AA?9?$AA?$DO?$AAm?$AA_?$AAp?$AAa?$AAr?$AAe?$AAn?$AAt?$AA?9?$AA?$DO?$AAm?$AA_?$AAf?$AAr?$AAo?$AAn?$AAt?$AA?5?$AA?$DN?$AA?$DN?$AA?5?$AAp?$AAa?$AAr@ 101528c0     core:dgAABBPolygonSoup.obj
 0002:00021908       ??_C@_1BK@DIHPCENE@?$AAl?$AAa?$AAs?$AAt?$AAB?$AAo?$AAx?$AA?5?$AA?$DO?$AA?$DN?$AA?5?$AA0?$AA?$AA@ 10152908     core:dgAABBPolygonSoup.obj
 0002:00021924       ??_C@_1BM@KDGDOBPN@?$AAf?$AAi?$AAr?$AAs?$AAt?$AAB?$AAo?$AAx?$AA?5?$AA?$DO?$AA?$DN?$AA?5?$AA0?$AA?$AA@ 10152924     core:dgAABBPolygonSoup.obj
 0002:00021940       ??_7?$dgList@PAVdgConstructionTree@dgAABBTree@@@@6B@ 10152940     core:dgAABBPolygonSoup.obj
 0002:00021944       ??_7dgListNode@?$dgList@PAVdgConstructionTree@dgAABBTree@@@@6B@ 10152944     core:dgAABBPolygonSoup.obj
 0002:00023124       ??_7dgPolySoupFilterAllocator@@6B@ 10154124     core:dgPolygonSoupBuilder.obj
 0002:00023128       ??_C@_1BE@DIDKOBGM@?$AAr?$AAe?$AAd?$AAu?$AAc?$AAt?$AAi?$AAo?$AAn?$AA?$AA@ 10154128     core:dgPolygonSoupBuilder.obj
 0002:00023140       ??_C@_1FM@NIAFFKGC@?$AA?4?$AA?4?$AA?2?$AA?4?$AA?4?$AA?2?$AA?4?$AA?4?$AA?2?$AAs?$AAo?$AAu?$AAr?$AAc?$AAe?$AA?2?$AAc?$AAo?$AAr?$AAe?$AA?2?$AAd?$AAg?$AAP?$AAo?$AAl?$AAy?$AAg?$AAo?$AAn?$AAS?$AAo@ 10154140     core:dgPolygonSoupBuilder.obj
 0002:0002319c       ??_C@_1M@MJBJBOIA@?$AAc?$AAo?$AAu?$AAn?$AAt?$AA?$AA@ 1015419c     core:dgPolygonSoupBuilder.obj
 0002:00023980       __real@3f50624dc0000000    10154980     core:dgQuaternion.obj
 0002:00024804       ??_7dgDelaunayTetrahedralization@@6B@ 10155804     core:dgDelaunayTetrahedralization.obj
 0002:00027b08       __real@380b38fb9daa78e4    10158b08     core:dgConvexHull4d.obj
 0002:00027b10       ??_7dgConvexHull4d@@6B@    10158b10     core:dgConvexHull4d.obj
 0002:00027b24       ??_7?$dgList@VdgConvexHull4dTetraherum@@@@6B@ 10158b24     core:dgConvexHull4d.obj
 0002:00027b28       ??_7?$dgList@PAVdgListNode@?$dgList@VdgConvexHull4dTetraherum@@@@@@6B@ 10158b28     core:dgConvexHull4d.obj
 0002:00027b2c       ??_7?$dgTree@PAVdgListNode@?$dgList@VdgConvexHull4dTetraherum@@@@PAV12@@@6B@ 10158b2c     core:dgConvexHull4d.obj
 0002:00027b30       ??_7dgListNode@?$dgList@VdgConvexHull4dTetraherum@@@@6B@ 10158b30     core:dgConvexHull4d.obj
 0002:00027b34       ??_7dgListNode@?$dgList@PAVdgListNode@?$dgList@VdgConvexHull4dTetraherum@@@@@@6B@ 10158b34     core:dgConvexHull4d.obj
 0002:00027b38       ??_7dgTreeNode@?$dgTree@PAVdgListNode@?$dgList@VdgConvexHull4dTetraherum@@@@PAV12@@@6B@ 10158b38     core:dgConvexHull4d.obj
 0002:00027f98       __load_config_used         10158f98     MSVCRTD:loadcfg.obj
 0002:0002efd0       ___safe_se_handler_table   1015ffd0     <linker-defined>
 0002:0002f0dc       ___rtc_iaa                 101600dc     MSVCRTD:_initsect_.obj
 0002:0002f1e0       ___rtc_izz                 101601e0     MSVCRTD:_initsect_.obj
 0002:0002f2e4       ___rtc_taa                 101602e4     MSVCRTD:_initsect_.obj
 0002:0002f3e8       ___rtc_tzz                 101603e8     MSVCRTD:_initsect_.obj
 0003:00000000       ?m_rayCastSimplex@dgCollisionConvex@@1PAY03HA 10165000     physics:dgCollisionConvex.obj
 0003:00000040       ?m_hullDirs@dgCollisionConvex@@1PAVdgTriplex@@A 10165040     physics:dgCollisionConvex.obj
 0003:000000e8       ?m_edgeArray@dgCollisionBox@@1PAVdgConvexSimplexEdge@@A 101650e8     physics:dgCollisionBox.obj
 0003:00000268       ?m_faceIndex@dgContactSolver@@2PAY03HA 10165268     physics:dgMinkowskiConv.obj
 0003:000002b0       ___native_dllmain_reason   101652b0     MSVCRTD:natstart.obj
 0003:000002b4       ___native_vcclrit_reason   101652b4     MSVCRTD:natstart.obj
 0003:000002b8       ___security_cookie         101652b8     MSVCRTD:gs_cookie.obj
 0003:000002bc       ___security_cookie_complement 101652bc     MSVCRTD:gs_cookie.obj
 0003:000002cc       ?mult@dgPolyhedraMassProperties@@0PAMA 101652cc     core:dgPolyhedraMassProperties.obj
 0003:00000970       ?m_globalAllocator@dgGlobalAllocator@@2V1@A 10165970     core:dgMemory.obj
 0003:00000b60       ?m_edgeArray@dgCollisionSphere@@1PAVdgConvexSimplexEdge@@A 10165b60     physics:dgCollisionSphere.obj
 0003:00001160       ?m_shapeRefCount@dgCollisionSphere@@1HA 10166160     physics:dgCollisionSphere.obj
 0003:00001170       ?m_unitSphere@dgCollisionSphere@@1PAVdgVector@@A 10166170     physics:dgCollisionSphere.obj
 0003:00001290       ?m_iniliazised@dgCollisionConvex@@1HA 10166290     physics:dgCollisionConvex.obj
 0003:000012a0       ?m_multiResDir@dgCollisionConvex@@1PAVdgVector@@A 101662a0     physics:dgCollisionConvex.obj
 0003:00001320       ?m_multiResDir_sse@dgCollisionConvex@@1PAVdgVector@@A 10166320     physics:dgCollisionConvex.obj
 0003:00001380       ?m_zero@dgCollisionConvex@@1VdgVector@@A 10166380     physics:dgCollisionConvex.obj
 0003:00001390       ?m_negOne@dgCollisionConvex@@1VdgVector@@A 10166390     physics:dgCollisionConvex.obj
 0003:000013a0       ?m_nrh0p5@dgCollisionConvex@@1VdgVector@@A 101663a0     physics:dgCollisionConvex.obj
 0003:000013b0       ?m_nrh3p0@dgCollisionConvex@@1VdgVector@@A 101663b0     physics:dgCollisionConvex.obj
 0003:000013c0       ?m_indexStep@dgCollisionConvex@@1VdgVector@@A 101663c0     physics:dgCollisionConvex.obj
 0003:000013d0       ?m_index_0123@dgCollisionConvex@@1VdgVector@@A 101663d0     physics:dgCollisionConvex.obj
 0003:000013e0       ?m_index_4567@dgCollisionConvex@@1VdgVector@@A 101663e0     physics:dgCollisionConvex.obj
 0003:000013f0       ?m_huge@dgCollisionConvex@@1VdgVector@@A 101663f0     physics:dgCollisionConvex.obj
 0003:00001400       ?m_negativeTiny@dgCollisionConvex@@1VdgVector@@A 10166400     physics:dgCollisionConvex.obj
 0003:00001410       ?m_aabb_padd@dgCollisionConvex@@1VdgVector@@A 10166410     physics:dgCollisionConvex.obj
 0003:00001420       ?m_signMask@dgCollisionConvex@@1VdgVector@@A 10166420     physics:dgCollisionConvex.obj
 0003:00001430       ?m_triplexMask@dgCollisionConvex@@1VdgVector@@A 10166430     physics:dgCollisionConvex.obj
 0003:00001440       ?m_edgeArray@dgCollisionCapsule@@0PAVdgConvexSimplexEdge@@A 10166440     physics:dgCollisionCapsule.obj
 0003:00001f80       ?m_shapeRefCount@dgCollisionCapsule@@0HA 10166f80     physics:dgCollisionCapsule.obj
 0003:00001f88       ?m_edgeArray@dgCollisionCone@@0PAVdgConvexSimplexEdge@@A 10166f88     physics:dgCollisionCone.obj
 0003:00002188       ?m_shapeRefCount@dgCollisionCone@@0HA 10167188     physics:dgCollisionCone.obj
 0003:00002190       ?m_edgeArray@dgCollisionCylinder@@0PAVdgConvexSimplexEdge@@A 10167190     physics:dgCollisionCylinder.obj
 0003:00002490       ?m_shapeRefCount@dgCollisionCylinder@@0HA 10167490     physics:dgCollisionCylinder.obj
 0003:000024a0       ?m_edgeArray@dgCollisionChamferCylinder@@0PAVdgConvexSimplexEdge@@A 101674a0     physics:dgCollisionChamferCylinder.obj
 0003:00002da0       ?m_shapeRefCount@dgCollisionChamferCylinder@@0HA 10167da0     physics:dgCollisionChamferCylinder.obj
 0003:00002db0       ?m_shapesDirs@dgCollisionChamferCylinder@@0PAVdgVector@@A 10167db0     physics:dgCollisionChamferCylinder.obj
 0003:00002e30       ?m_negIndex@dgContactSolver@@2T__m128@@A 10167e30     physics:dgMinkowskiConv.obj
 0003:00002e40       ?m_zero@dgContactSolver@@2T__m128@@A 10167e40     physics:dgMinkowskiConv.obj
 0003:00002e50       ?m_index_yx@dgContactSolver@@2T__m128@@A 10167e50     physics:dgMinkowskiConv.obj
 0003:00002e60       ?m_index_wz@dgContactSolver@@2T__m128@@A 10167e60     physics:dgMinkowskiConv.obj
 0003:00002e70       ?m_zeroTolerenace@dgContactSolver@@2T__m128@@A 10167e70     physics:dgMinkowskiConv.obj
 0003:00002e80       ?m_nrh0p5@dgContactSolver@@2T__m128@@A 10167e80     physics:dgMinkowskiConv.obj
 0003:00002e90       ?m_nrh3p0@dgContactSolver@@2T__m128@@A 10167e90     physics:dgMinkowskiConv.obj
 0003:00002ea0       ?m_negativeOne@dgContactSolver@@2T__m128@@A 10167ea0     physics:dgMinkowskiConv.obj
 0003:00002eb0       ?m_dir@dgContactSolver@@2PAVdgVector@@A 10167eb0     physics:dgMinkowskiConv.obj
 0003:00002f94       ?__type_info_root_node@@3U__type_info_node@@A 10167f94     MSVCRTD:tncleanup.obj
 0003:000032c4       ?id@?1???0dgAABBPointTree3d@@QAE@XZ@4HA 101682c4     core:dgConvexHull3d.obj
 0003:000032cc       ?id@?1???0dgAABBPointTree4d@@QAE@XZ@4HA 101682cc     core:dgConvexHull4d.obj
 0003:000032d0       ___native_startup_state    101682d0     <common>
 0003:000032e0       ___native_startup_lock     101682e0     <common>
 0003:000032e4       ___sse2_available          101682e4     <common>
 0003:000032f0       ___onexitend               101682f0     <common>
 0003:00003300       ___onexitbegin             10168300     <common>
 0003:00003304       ___dyn_tls_init_callback   10168304     <common>
 0004:00000000       __IMPORT_DESCRIPTOR_MSVCR100D 10169000     MSVCRTD:MSVCR100D.dll
 0004:00000014       __IMPORT_DESCRIPTOR_KERNEL32 10169014     kernel32:KERNEL32.dll
 0004:00000028       __NULL_IMPORT_DESCRIPTOR   10169028     MSVCRTD:MSVCR100D.dll
 0004:000001f8       __imp__SetUnhandledExceptionFilter@4 101691f8     kernel32:KERNEL32.dll
 0004:000001fc       __imp__UnhandledExceptionFilter@4 101691fc     kernel32:KERNEL32.dll
 0004:00000200       __imp__GetCurrentProcess@0 10169200     kernel32:KERNEL32.dll
 0004:00000204       __imp__TerminateProcess@8  10169204     kernel32:KERNEL32.dll
 0004:00000208       __imp__GetSystemTimeAsFileTime@4 10169208     kernel32:KERNEL32.dll
 0004:0000020c       __imp__GetCurrentProcessId@0 1016920c     kernel32:KERNEL32.dll
 0004:00000210       __imp__GetCurrentThreadId@0 10169210     kernel32:KERNEL32.dll
 0004:00000214       __imp__GetTickCount@0      10169214     kernel32:KERNEL32.dll
 0004:00000218       __imp__QueryPerformanceCounter@4 10169218     kernel32:KERNEL32.dll
 0004:0000021c       __imp__IsProcessorFeaturePresent@4 1016921c     kernel32:KERNEL32.dll
 0004:00000220       __imp__InterlockedCompareExchange@12 10169220     kernel32:KERNEL32.dll
 0004:00000224       __imp__DecodePointer@4     10169224     kernel32:KERNEL32.dll
 0004:00000228       __imp__EncodePointer@4     10169228     kernel32:KERNEL32.dll
 0004:0000022c       __imp__InterlockedExchange@8 1016922c     kernel32:KERNEL32.dll
 0004:00000230       __imp__InterlockedDecrement@4 10169230     kernel32:KERNEL32.dll
 0004:00000234       __imp__InterlockedIncrement@4 10169234     kernel32:KERNEL32.dll
 0004:00000238       __imp__WaitForSingleObject@8 10169238     kernel32:KERNEL32.dll
 0004:0000023c       __imp__EnterCriticalSection@4 1016923c     kernel32:KERNEL32.dll
 0004:00000240       __imp__ReleaseSemaphore@12 10169240     kernel32:KERNEL32.dll
 0004:00000244       __imp__LeaveCriticalSection@4 10169244     kernel32:KERNEL32.dll
 0004:00000248       __imp__Sleep@4             10169248     kernel32:KERNEL32.dll
 0004:0000024c       __imp__SetEvent@4          1016924c     kernel32:KERNEL32.dll
 0004:00000250       __imp__DeleteCriticalSection@4 10169250     kernel32:KERNEL32.dll
 0004:00000254       __imp__WaitForMultipleObjects@16 10169254     kernel32:KERNEL32.dll
 0004:00000258       __imp__CloseHandle@4       10169258     kernel32:KERNEL32.dll
 0004:0000025c       __imp__CreateSemaphoreA@16 1016925c     kernel32:KERNEL32.dll
 0004:00000260       __imp__CreateEventA@16     10169260     kernel32:KERNEL32.dll
 0004:00000264       __imp__InitializeCriticalSection@4 10169264     kernel32:KERNEL32.dll
 0004:00000268       __imp__GetSystemInfo@4     10169268     kernel32:KERNEL32.dll
 0004:0000026c       __imp__InterlockedExchangeAdd@8 1016926c     kernel32:KERNEL32.dll
 0004:00000270       __imp__OutputDebugStringA@4 10169270     kernel32:KERNEL32.dll
 0004:00000274       __imp__IsDebuggerPresent@0 10169274     kernel32:KERNEL32.dll
 0004:00000278       \177KERNEL32_NULL_THUNK_DATA 10169278     kernel32:KERNEL32.dll
 0004:000002bc       __imp___amsg_exit          101692bc     MSVCRTD:MSVCR100D.dll
 0004:000002c0       __imp____CppXcptFilter     101692c0     MSVCRTD:MSVCR100D.dll
 0004:000002c4       __imp___unlock             101692c4     MSVCRTD:MSVCR100D.dll
 0004:000002c8       __imp____dllonexit         101692c8     MSVCRTD:MSVCR100D.dll
 0004:000002cc       __imp___initterm_e         101692cc     MSVCRTD:MSVCR100D.dll
 0004:000002d0       __imp___onexit             101692d0     MSVCRTD:MSVCR100D.dll
 0004:000002d4       __imp____clean_type_info_names_internal 101692d4     MSVCRTD:MSVCR100D.dll
 0004:000002d8       __imp___except_handler4_common 101692d8     MSVCRTD:MSVCR100D.dll
 0004:000002dc       __imp___crt_debugger_hook  101692dc     MSVCRTD:MSVCR100D.dll
 0004:000002e0       __imp___initterm           101692e0     MSVCRTD:MSVCR100D.dll
 0004:000002e4       __imp___CrtSetCheckCount   101692e4     MSVCRTD:MSVCR100D.dll
 0004:000002e8       __imp___encoded_null       101692e8     MSVCRTD:MSVCR100D.dll
 0004:000002ec       __imp___free_dbg           101692ec     MSVCRTD:MSVCR100D.dll
 0004:000002f0       __imp___malloc_dbg         101692f0     MSVCRTD:MSVCR100D.dll
 0004:000002f4       __imp__strcpy              101692f4     MSVCRTD:MSVCR100D.dll
 0004:000002f8       __imp__acos                101692f8     MSVCRTD:MSVCR100D.dll
 0004:000002fc       __imp__pow                 101692fc     MSVCRTD:MSVCR100D.dll
 0004:00000300       __imp__log                 10169300     MSVCRTD:MSVCR100D.dll
 0004:00000304       __imp_??3@YAXPAX@Z         10169304     MSVCRTD:MSVCR100D.dll
 0004:00000308       __imp___purecall           10169308     MSVCRTD:MSVCR100D.dll
 0004:0000030c       __imp__sprintf             1016930c     MSVCRTD:MSVCR100D.dll
 0004:00000310       __imp__ldexp               10169310     MSVCRTD:MSVCR100D.dll
 0004:00000314       __imp__frexp               10169314     MSVCRTD:MSVCR100D.dll
 0004:00000318       __imp___controlfp          10169318     MSVCRTD:MSVCR100D.dll
 0004:0000031c       __imp___beginthreadex      1016931c     MSVCRTD:MSVCR100D.dll
 0004:00000320       __imp__memcpy              10169320     MSVCRTD:MSVCR100D.dll
 0004:00000324       __imp__fabs                10169324     MSVCRTD:MSVCR100D.dll
 0004:00000328       __imp__atan2               10169328     MSVCRTD:MSVCR100D.dll
 0004:0000032c       __imp__asin                1016932c     MSVCRTD:MSVCR100D.dll
 0004:00000330       __imp__vsprintf            10169330     MSVCRTD:MSVCR100D.dll
 0004:00000334       __imp__memset              10169334     MSVCRTD:MSVCR100D.dll
 0004:00000338       __imp__free                10169338     MSVCRTD:MSVCR100D.dll
 0004:0000033c       __imp__malloc              1016933c     MSVCRTD:MSVCR100D.dll
 0004:00000340       __imp__sin                 10169340     MSVCRTD:MSVCR100D.dll
 0004:00000344       __imp__cos                 10169344     MSVCRTD:MSVCR100D.dll
 0004:00000348       __imp___finite             10169348     MSVCRTD:MSVCR100D.dll
 0004:0000034c       __imp___isnan              1016934c     MSVCRTD:MSVCR100D.dll
 0004:00000350       __imp__floor               10169350     MSVCRTD:MSVCR100D.dll
 0004:00000354       __imp__ceil                10169354     MSVCRTD:MSVCR100D.dll
 0004:00000358       __imp__sqrt                10169358     MSVCRTD:MSVCR100D.dll
 0004:0000035c       __imp___lock               1016935c     MSVCRTD:MSVCR100D.dll
 0004:00000360       __imp___CrtDbgReportW      10169360     MSVCRTD:MSVCR100D.dll
 0004:00000364       __imp___except_handler3    10169364     MSVCRTD:MSVCR100D.dll
 0004:00000368       \177MSVCR100D_NULL_THUNK_DATA 10169368     MSVCRTD:MSVCR100D.dll

 entry point at        0001:000d7660

